Feb 21 00:00:30 Lenovo rsyslogd: [origin software="rsyslogd" swVersion="8.2012.0" x-pid="743" x-info="https://www.rsyslog.com"] rsyslogd was HUPed
Feb 21 00:10:30 Lenovo rsyslogd: [origin software="rsyslogd" swVersion="8.2012.0" x-pid="743" x-info="https://www.rsyslog.com"] rsyslogd was HUPed
Feb 21 00:14:21 Lenovo gnome-shell[1679]: Can't update stage views actor dashtodockContainer is on because it needs an allocation.
Feb 21 00:14:21 Lenovo gnome-shell[1679]: Can't update stage views actor Gjs_dash-to-dock_micxgx_gmail_com_docking_DashToDock_DashSlideContainer is on because it needs an allocation.
Feb 21 00:14:21 Lenovo gnome-shell[1679]: Can't update stage views actor dashtodockBox is on because it needs an allocation.
Feb 21 00:14:21 Lenovo gnome-shell[1679]: Can't update stage views actor Gjs_dash-to-dock_micxgx_gmail_com_dash_DashToDock_MyDash is on because it needs an allocation.
Feb 21 00:14:21 Lenovo gnome-shell[1679]: Can't update stage views actor dash is on because it needs an allocation.
Feb 21 00:14:21 Lenovo gnome-shell[1679]: Can't update stage views actor dashtodockDashScrollview is on because it needs an allocation.
Feb 21 00:14:21 Lenovo gnome-shell[1679]: Can't update stage views actor StBoxLayout is on because it needs an allocation.
Feb 21 00:15:08 Lenovo tracker-extract[17645]: Set scheduler policy to SCHED_IDLE
Feb 21 00:15:08 Lenovo tracker-extract[17645]: Setting priority nice level to 19
Feb 21 00:15:40 Lenovo tracker-extract[17673]: Set scheduler policy to SCHED_IDLE
Feb 21 00:15:40 Lenovo tracker-extract[17673]: Setting priority nice level to 19
Feb 21 00:21:11 Lenovo /usr/libexec/gdm-x-session[1545]: (EE) event6  - SEMICO USB Keyboard: client bug: event processing lagging behind by 29ms, your system is too slow
Feb 21 00:27:36 Lenovo kernel: [39879.818100] vboxnetflt: 26 out of 8086 packets were not sent (directed to host)
Feb 21 00:28:16 Lenovo gnome-shell[1679]: Failed to import DBusMenu, quicklists are not avaialble: Error: Requiring Dbusmenu, version none: Typelib file for namespace 'Dbusmenu' (any version) not found
Feb 21 00:28:18 Lenovo gnome-shell[1679]: Couldn't find child [0x558652699470 Gjs_ui_windowPreview_WindowPreview ("skill@Lenovo: ~/Documents/CPP-Projects/2.Estructuras_del_Lenguaje/SEM1/Actividades")] in window slots
Feb 21 00:28:19 Lenovo gnome-shell[1679]: Couldn't find child [0x558652699470 Gjs_ui_windowPreview_WindowPreview:first-child last-child ("skill@Lenovo: ~/Documents/CPP-Projects/2.Estructuras_del_Lenguaje/SEM1/Actividades")] in window slots
Feb 21 00:28:49 Lenovo gnome-shell[1679]: Failed to import DBusMenu, quicklists are not avaialble: Error: Requiring Dbusmenu, version none: Typelib file for namespace 'Dbusmenu' (any version) not found
Feb 21 00:36:49 Lenovo firefox-esr.desktop[2041]: ###!!! [Parent][MessageChannel] Error: (msgtype=0x1D0011,name=PBackgroundStorage::Msg_Observe) Channel error: cannot send/recv
Feb 21 00:36:55 Lenovo gnome-shell[1679]: endSessionDialog: No XDG_SESSION_ID, fetched from logind: 3
Feb 21 00:36:56 Lenovo /usr/libexec/gdm-x-session[1545]: (**) Option "fd" "29"
Feb 21 00:36:56 Lenovo /usr/libexec/gdm-x-session[1545]: (II) event2  - Power Button: device removed
Feb 21 00:36:56 Lenovo /usr/libexec/gdm-x-session[1545]: (**) Option "fd" "32"
Feb 21 00:36:56 Lenovo /usr/libexec/gdm-x-session[1545]: (II) event3  - Video Bus: device removed
Feb 21 00:36:56 Lenovo /usr/libexec/gdm-x-session[1545]: (**) Option "fd" "40"
Feb 21 00:36:56 Lenovo /usr/libexec/gdm-x-session[1545]: (II) event23 - Integrated Camera: Integrated C: device removed
Feb 21 00:36:56 Lenovo /usr/libexec/gdm-x-session[1545]: (**) Option "fd" "41"
Feb 21 00:36:56 Lenovo /usr/libexec/gdm-x-session[1545]: (II) event4  - ELAN469D:00 04F3:304B Mouse: device removed
Feb 21 00:36:56 Lenovo /usr/libexec/gdm-x-session[1545]: (**) Option "fd" "42"
Feb 21 00:36:56 Lenovo /usr/libexec/gdm-x-session[1545]: (II) event5  - ELAN469D:00 04F3:304B Touchpad: device removed
Feb 21 00:36:56 Lenovo /usr/libexec/gdm-x-session[1545]: (**) Option "fd" "43"
Feb 21 00:36:56 Lenovo /usr/libexec/gdm-x-session[1545]: (II) event14 - Ideapad extra buttons: device removed
Feb 21 10:22:45 Lenovo kernel: [    0.000000] microcode: microcode updated early to revision 0xe0, date = 2020-06-17
Feb 21 10:22:45 Lenovo kernel: [    0.000000] Linux version 5.10.0-kali3-amd64 (devel@kali.org) (gcc-10 (Debian 10.2.1-6) 10.2.1 20210110, GNU ld (GNU Binutils for Debian) 2.35.1) #1 SMP Debian 5.10.13-1kali1 (2021-02-08)
Feb 21 10:22:45 Lenovo kernel: [    0.000000] Command line: BOOT_IMAGE=/boot/vmlinuz-5.10.0-kali3-amd64 root=UUID=78b86260-afa7-4e42-a3b4-d23f4815f930 ro quiet splash
Feb 21 10:22:45 Lenovo kernel: [    0.000000] x86/fpu: Supporting XSAVE feature 0x001: 'x87 floating point registers'
Feb 21 10:22:45 Lenovo kernel: [    0.000000] x86/fpu: Supporting XSAVE feature 0x002: 'SSE registers'
Feb 21 10:22:45 Lenovo kernel: [    0.000000] x86/fpu: Supporting XSAVE feature 0x004: 'AVX registers'
Feb 21 10:22:45 Lenovo kernel: [    0.000000] x86/fpu: Supporting XSAVE feature 0x008: 'MPX bounds registers'
Feb 21 10:22:45 Lenovo kernel: [    0.000000] x86/fpu: Supporting XSAVE feature 0x010: 'MPX CSR'
Feb 21 10:22:45 Lenovo kernel: [    0.000000] x86/fpu: xstate_offset[2]:  576, xstate_sizes[2]:  256
Feb 21 10:22:45 Lenovo kernel: [    0.000000] x86/fpu: xstate_offset[3]:  832, xstate_sizes[3]:   64
Feb 21 10:22:45 Lenovo kernel: [    0.000000] x86/fpu: xstate_offset[4]:  896, xstate_sizes[4]:   64
Feb 21 10:22:45 Lenovo kernel: [    0.000000] x86/fpu: Enabled xstate features 0x1f, context size is 960 bytes, using 'compacted' format.
Feb 21 10:22:45 Lenovo kernel: [    0.000000] BIOS-provided physical RAM map:
Feb 21 10:22:45 Lenovo kernel: [    0.000000] BIOS-e820: [mem 0x0000000000000000-0x0000000000057fff] usable
Feb 21 10:22:45 Lenovo kernel: [    0.000000] BIOS-e820: [mem 0x0000000000058000-0x0000000000058fff] reserved
Feb 21 10:22:45 Lenovo kernel: [    0.000000] BIOS-e820: [mem 0x0000000000059000-0x000000000009dfff] usable
Feb 21 10:22:45 Lenovo kernel: [    0.000000] BIOS-e820: [mem 0x000000000009e000-0x00000000000fffff] reserved
Feb 21 10:22:45 Lenovo kernel: [    0.000000] BIOS-e820: [mem 0x0000000000100000-0x000000003fffffff] usable
Feb 21 10:22:45 Lenovo kernel: [    0.000000] BIOS-e820: [mem 0x0000000040000000-0x00000000403fffff] reserved
Feb 21 10:22:45 Lenovo kernel: [    0.000000] BIOS-e820: [mem 0x0000000040400000-0x0000000073c61fff] usable
Feb 21 10:22:45 Lenovo kernel: [    0.000000] BIOS-e820: [mem 0x0000000073c62000-0x0000000073c62fff] ACPI NVS
Feb 21 10:22:45 Lenovo kernel: [    0.000000] BIOS-e820: [mem 0x0000000073c63000-0x0000000073c63fff] reserved
Feb 21 10:22:45 Lenovo kernel: [    0.000000] BIOS-e820: [mem 0x0000000073c64000-0x0000000075387fff] usable
Feb 21 10:22:45 Lenovo kernel: [    0.000000] BIOS-e820: [mem 0x0000000075388000-0x0000000075c87fff] reserved
Feb 21 10:22:45 Lenovo kernel: [    0.000000] BIOS-e820: [mem 0x0000000075c88000-0x000000008be9dfff] usable
Feb 21 10:22:45 Lenovo kernel: [    0.000000] BIOS-e820: [mem 0x000000008be9e000-0x000000008c09dfff] type 20
Feb 21 10:22:45 Lenovo kernel: [    0.000000] BIOS-e820: [mem 0x000000008c09e000-0x000000008c88dfff] reserved
Feb 21 10:22:45 Lenovo kernel: [    0.000000] BIOS-e820: [mem 0x000000008c88e000-0x000000008cf7dfff] ACPI NVS
Feb 21 10:22:45 Lenovo kernel: [    0.000000] BIOS-e820: [mem 0x000000008cf7e000-0x000000008cffdfff] ACPI data
Feb 21 10:22:45 Lenovo kernel: [    0.000000] BIOS-e820: [mem 0x000000008cffe000-0x000000008cffefff] usable
Feb 21 10:22:45 Lenovo kernel: [    0.000000] BIOS-e820: [mem 0x000000008cfff000-0x000000008fffffff] reserved
Feb 21 10:22:45 Lenovo kernel: [    0.000000] BIOS-e820: [mem 0x00000000e0000000-0x00000000efffffff] reserved
Feb 21 10:22:45 Lenovo kernel: [    0.000000] BIOS-e820: [mem 0x00000000fd000000-0x00000000fe7fffff] reserved
Feb 21 10:22:45 Lenovo kernel: [    0.000000] BIOS-e820: [mem 0x00000000fec00000-0x00000000fec00fff] reserved
Feb 21 10:22:45 Lenovo kernel: [    0.000000] BIOS-e820: [mem 0x00000000fed00000-0x00000000fed00fff] reserved
Feb 21 10:22:45 Lenovo kernel: [    0.000000] BIOS-e820: [mem 0x00000000fed10000-0x00000000fed19fff] reserved
Feb 21 10:22:45 Lenovo kernel: [    0.000000] BIOS-e820: [mem 0x00000000fed84000-0x00000000fed84fff] reserved
Feb 21 10:22:45 Lenovo kernel: [    0.000000] BIOS-e820: [mem 0x00000000fee00000-0x00000000fee00fff] reserved
Feb 21 10:22:45 Lenovo kernel: [    0.000000] BIOS-e820: [mem 0x00000000ffa00000-0x00000000ffffffff] reserved
Feb 21 10:22:45 Lenovo kernel: [    0.000000] BIOS-e820: [mem 0x0000000100000000-0x000000026effffff] usable
Feb 21 10:22:45 Lenovo kernel: [    0.000000] NX (Execute Disable) protection: active
Feb 21 10:22:45 Lenovo kernel: [    0.000000] efi: EFI v2.50 by INSYDE Corp.
Feb 21 10:22:45 Lenovo kernel: [    0.000000] efi: TPMFinalLog=0x8c886000 ACPI 2.0=0x8cffd014 SMBIOS=0x8c112000 SMBIOS 3.0=0x8c110000 ESRT=0x7cedca98 
Feb 21 10:22:45 Lenovo kernel: [    0.000000] secureboot: Secure boot could not be determined (mode 0)
Feb 21 10:22:45 Lenovo kernel: [    0.000000] SMBIOS 3.0.0 present.
Feb 21 10:22:45 Lenovo kernel: [    0.000000] DMI: LENOVO 81F5/LNVNB161216, BIOS 7SCN36WW 10/09/2019
Feb 21 10:22:45 Lenovo kernel: [    0.000000] tsc: Detected 2000.000 MHz processor
Feb 21 10:22:45 Lenovo kernel: [    0.000000] tsc: Detected 1999.968 MHz TSC
Feb 21 10:22:45 Lenovo kernel: [    0.000688] last_pfn = 0x26f000 max_arch_pfn = 0x400000000
Feb 21 10:22:45 Lenovo kernel: [    0.001450] x86/PAT: Configuration [0-7]: WB  WC  UC- UC  WB  WP  UC- WT  
Feb 21 10:22:45 Lenovo kernel: [    0.001982] last_pfn = 0x8cfff max_arch_pfn = 0x400000000
Feb 21 10:22:45 Lenovo kernel: [    0.014452] esrt: Reserving ESRT space from 0x000000007cedca98 to 0x000000007cedcb20.
Feb 21 10:22:45 Lenovo kernel: [    0.014482] Using GB pages for direct mapping
Feb 21 10:22:45 Lenovo kernel: [    0.015820] RAMDISK: [mem 0x2f7b7000-0x33bd2fff]
Feb 21 10:22:45 Lenovo kernel: [    0.015832] ACPI: Early table checksum verification disabled
Feb 21 10:22:45 Lenovo kernel: [    0.015835] ACPI: RSDP 0x000000008CFFD014 000024 (v02 LENOVO)
Feb 21 10:22:45 Lenovo kernel: [    0.015841] ACPI: XSDT 0x000000008CFC3188 00012C (v01 LENOVO CB-01    00000001      01000013)
Feb 21 10:22:45 Lenovo kernel: [    0.015849] ACPI: FACP 0x000000008CFE8000 00010C (v05 LENOVO CB-01    00000001 ACPI 00040000)
Feb 21 10:22:45 Lenovo kernel: [    0.015856] ACPI: DSDT 0x000000008CFC7000 01D6A6 (v02 LENOVO CB-01    00000001 ACPI 00040000)
Feb 21 10:22:45 Lenovo kernel: [    0.015861] ACPI: FACS 0x000000008CF57000 000040
Feb 21 10:22:45 Lenovo kernel: [    0.015865] ACPI: UEFI 0x000000008CFFC000 000236 (v01 LENOVO CB-01    00000001 ACPI 00040000)
Feb 21 10:22:45 Lenovo kernel: [    0.015869] ACPI: UEFI 0x000000008CFFB000 000042 (v01 LENOVO CB-01    00000001 ACPI 00040000)
Feb 21 10:22:45 Lenovo kernel: [    0.015873] ACPI: MSDM 0x000000008CFFA000 000055 (v03 LENOVO CB-01    00000001 ACPI 00040000)
Feb 21 10:22:45 Lenovo kernel: [    0.015878] ACPI: SSDT 0x000000008CFF9000 0004C3 (v02 LENOVO CB-01    00000001 ACPI 00040000)
Feb 21 10:22:45 Lenovo kernel: [    0.015882] ACPI: SSDT 0x000000008CFF8000 000046 (v02 LENOVO CB-01    00000001 ACPI 00040000)
Feb 21 10:22:45 Lenovo kernel: [    0.015886] ACPI: TPM2 0x000000008CFF7000 000034 (v03 LENOVO CB-01    00000001 ACPI 00040000)
Feb 21 10:22:45 Lenovo mtp-probe: checking bus 1, device 6: "/sys/devices/pci0000:00/0000:00:14.0/usb1/1-1/1-1.2"
Feb 21 10:22:45 Lenovo kernel: [    0.015891] ACPI: SSDT 0x000000008CFF3000 00312B (v02 LENOVO CB-01    00000001 ACPI 00040000)
Feb 21 10:22:45 Lenovo kernel: [    0.015895] ACPI: SSDT 0x000000008CFEF000 0039CC (v02 LENOVO CB-01    00000001 ACPI 00040000)
Feb 21 10:22:45 Lenovo kernel: [    0.015899] ACPI: SSDT 0x000000008CFEE000 000064 (v02 LENOVO CB-01    00000001 ACPI 00040000)
Feb 21 10:22:45 Lenovo kernel: [    0.015903] ACPI: SSDT 0x000000008CFED000 000A2A (v02 LENOVO CB-01    00000001 ACPI 00040000)
Feb 21 10:22:45 Lenovo kernel: [    0.015908] ACPI: ASF! 0x000000008CFEC000 0000A5 (v32 LENOVO CB-01    00000001 ACPI 00040000)
Feb 21 10:22:45 Lenovo kernel: [    0.015912] ACPI: ASPT 0x000000008CFEB000 000034 (v07 LENOVO CB-01    00000001 ACPI 00040000)
Feb 21 10:22:45 Lenovo kernel: [    0.015916] ACPI: BOOT 0x000000008CFEA000 000028 (v01 LENOVO CB-01    00000001 ACPI 00040000)
Feb 21 10:22:45 Lenovo kernel: [    0.015921] ACPI: DBGP 0x000000008CFE9000 000034 (v01 LENOVO CB-01    00000001 ACPI 00040000)
Feb 21 10:22:45 Lenovo kernel: [    0.015925] ACPI: HPET 0x000000008CFE7000 000038 (v01 LENOVO CB-01    00000001 ACPI 00040000)
Feb 21 10:22:45 Lenovo kernel: [    0.015929] ACPI: APIC 0x000000008CFE6000 00012C (v03 LENOVO CB-01    00000001 ACPI 00040000)
Feb 21 10:22:45 Lenovo kernel: [    0.015933] ACPI: MCFG 0x000000008CFE5000 00003C (v01 LENOVO CB-01    00000001 ACPI 00040000)
Feb 21 10:22:45 Lenovo kernel: [    0.015938] ACPI: SSDT 0x000000008CFC6000 000517 (v02 LENOVO CB-01    00000001 ACPI 00040000)
Feb 21 10:22:45 Lenovo mtp-probe: checking bus 1, device 5: "/sys/devices/pci0000:00/0000:00:14.0/usb1/1-7"
Feb 21 10:22:45 Lenovo kernel: [    0.015942] ACPI: SSDT 0x000000008CFC4000 0011E1 (v02 LENOVO CB-01    00000001 ACPI 00040000)
Feb 21 10:22:45 Lenovo kernel: [    0.015946] ACPI: LPIT 0x000000008CFC2000 000094 (v01 LENOVO CB-01    00000001 ACPI 00040000)
Feb 21 10:22:45 Lenovo kernel: [    0.015950] ACPI: WSMT 0x000000008CFC1000 000028 (v01 LENOVO CB-01    00000001 ACPI 00040000)
Feb 21 10:22:45 Lenovo kernel: [    0.015955] ACPI: SSDT 0x000000008CFC0000 00029F (v02 LENOVO CB-01    00000001 ACPI 00040000)
Feb 21 10:22:45 Lenovo kernel: [    0.015959] ACPI: SSDT 0x000000008CFBF000 000346 (v01 LENOVO CB-01    00000001 ACPI 00040000)
Feb 21 10:22:45 Lenovo mtp-probe: checking bus 1, device 4: "/sys/devices/pci0000:00/0000:00:14.0/usb1/1-1/1-1.1"
Feb 21 10:22:45 Lenovo mtp-probe: bus: 1, device: 6 was not an MTP device
Feb 21 10:22:45 Lenovo mtp-probe: bus: 1, device: 4 was not an MTP device
Feb 21 10:22:45 Lenovo mtp-probe: bus: 1, device: 5 was not an MTP device
Feb 21 10:22:45 Lenovo kernel: [    0.015963] ACPI: SSDT 0x000000008CFBB000 003002 (v02 LENOVO CB-01    00000001 ACPI 00040000)
Feb 21 10:22:45 Lenovo kernel: [    0.015968] ACPI: SSDT 0x000000008CFBA000 00051E (v02 LENOVO CB-01    00000001 ACPI 00040000)
Feb 21 10:22:45 Lenovo kernel: [    0.015972] ACPI: DBGP 0x000000008CFB9000 000034 (v01 LENOVO CB-01    00000001 ACPI 00040000)
Feb 21 10:22:45 Lenovo kernel: [    0.015976] ACPI: DBG2 0x000000008CFB8000 000054 (v00 LENOVO CB-01    00000001 ACPI 00040000)
Feb 21 10:22:45 Lenovo kernel: [    0.015980] ACPI: SSDT 0x000000008CFB6000 0012E6 (v02 LENOVO CB-01    00000001 ACPI 00040000)
Feb 21 10:22:45 Lenovo kernel: [    0.015985] ACPI: SSDT 0x000000008CFB4000 0017AE (v02 LENOVO CB-01    00000001 ACPI 00040000)
Feb 21 10:22:45 Lenovo kernel: [    0.015989] ACPI: DMAR 0x000000008CFB3000 0000A8 (v01 LENOVO CB-01    00000001 ACPI 00040000)
Feb 21 10:22:45 Lenovo kernel: [    0.015993] ACPI: FPDT 0x000000008CFB2000 000044 (v01 LENOVO CB-01    00000001 ACPI 00040000)
Feb 21 10:22:45 Lenovo kernel: [    0.015997] ACPI: BGRT 0x000000008CFB1000 000038 (v01 LENOVO CB-01    00000001 ACPI 00040000)
Feb 21 10:22:45 Lenovo kernel: [    0.016136] No NUMA configuration found
Feb 21 10:22:45 Lenovo kernel: [    0.016137] Faking a node at [mem 0x0000000000000000-0x000000026effffff]
Feb 21 10:22:45 Lenovo kernel: [    0.016154] NODE_DATA(0) allocated [mem 0x26efd6000-0x26effffff]
Feb 21 10:22:45 Lenovo kernel: [    0.016629] Zone ranges:
Feb 21 10:22:45 Lenovo kernel: [    0.016630]   DMA      [mem 0x0000000000000000-0x0000000000ffffff]
Feb 21 10:22:45 Lenovo kernel: [    0.016633]   DMA32    [mem 0x0000000001000000-0x00000000ffffffff]
Feb 21 10:22:45 Lenovo kernel: [    0.016635]   Normal   [mem 0x0000000100000000-0x000000026effffff]
Feb 21 10:22:45 Lenovo kernel: [    0.016636]   Device   empty
Feb 21 10:22:45 Lenovo kernel: [    0.016638] Movable zone start for each node
Feb 21 10:22:45 Lenovo kernel: [    0.016643] Early memory node ranges
Feb 21 10:22:45 Lenovo kernel: [    0.016644]   node   0: [mem 0x0000000000000000-0x0000000000057fff]
Feb 21 10:22:45 Lenovo kernel: [    0.016646]   node   0: [mem 0x0000000000059000-0x000000000009dfff]
Feb 21 10:22:45 Lenovo kernel: [    0.016647]   node   0: [mem 0x0000000000100000-0x000000003fffffff]
Feb 21 10:22:45 Lenovo kernel: [    0.016648]   node   0: [mem 0x0000000040400000-0x0000000073c61fff]
Feb 21 10:22:45 Lenovo kernel: [    0.016649]   node   0: [mem 0x0000000073c64000-0x0000000075387fff]
Feb 21 10:22:45 Lenovo kernel: [    0.016651]   node   0: [mem 0x0000000075c88000-0x000000008be9dfff]
Feb 21 10:22:45 Lenovo kernel: [    0.016652]   node   0: [mem 0x000000008cffe000-0x000000008cffefff]
Feb 21 10:22:45 Lenovo kernel: [    0.016653]   node   0: [mem 0x0000000100000000-0x000000026effffff]
Feb 21 10:22:45 Lenovo kernel: [    0.016927] Zeroed struct page in unavailable ranges: 24262 pages
Feb 21 10:22:45 Lenovo kernel: [    0.016929] Initmem setup node 0 [mem 0x0000000000000000-0x000000026effffff]
Feb 21 10:22:45 Lenovo kernel: [    0.023477] Reserving Intel graphics memory at [mem 0x8e000000-0x8fffffff]
Feb 21 10:22:45 Lenovo kernel: [    0.027835] ACPI: PM-Timer IO Port: 0x1808
Feb 21 10:22:45 Lenovo kernel: [    0.027846] ACPI: LAPIC_NMI (acpi_id[0x01] high edge lint[0x1])
Feb 21 10:22:45 Lenovo kernel: [    0.027847] ACPI: LAPIC_NMI (acpi_id[0x02] high edge lint[0x1])
Feb 21 10:22:45 Lenovo kernel: [    0.027848] ACPI: LAPIC_NMI (acpi_id[0x03] high edge lint[0x1])
Feb 21 10:22:45 Lenovo kernel: [    0.027849] ACPI: LAPIC_NMI (acpi_id[0x04] high edge lint[0x1])
Feb 21 10:22:45 Lenovo kernel: [    0.027850] ACPI: LAPIC_NMI (acpi_id[0x05] high edge lint[0x1])
Feb 21 10:22:45 Lenovo kernel: [    0.027851] ACPI: LAPIC_NMI (acpi_id[0x06] high edge lint[0x1])
Feb 21 10:22:45 Lenovo kernel: [    0.027852] ACPI: LAPIC_NMI (acpi_id[0x07] high edge lint[0x1])
Feb 21 10:22:45 Lenovo kernel: [    0.027853] ACPI: LAPIC_NMI (acpi_id[0x08] high edge lint[0x1])
Feb 21 10:22:45 Lenovo kernel: [    0.027854] ACPI: LAPIC_NMI (acpi_id[0x09] high edge lint[0x1])
Feb 21 10:22:45 Lenovo kernel: [    0.027855] ACPI: LAPIC_NMI (acpi_id[0x0a] high edge lint[0x1])
Feb 21 10:22:45 Lenovo kernel: [    0.027856] ACPI: LAPIC_NMI (acpi_id[0x0b] high edge lint[0x1])
Feb 21 10:22:45 Lenovo kernel: [    0.027857] ACPI: LAPIC_NMI (acpi_id[0x0c] high edge lint[0x1])
Feb 21 10:22:45 Lenovo kernel: [    0.027858] ACPI: LAPIC_NMI (acpi_id[0x0d] high edge lint[0x1])
Feb 21 10:22:45 Lenovo kernel: [    0.027859] ACPI: LAPIC_NMI (acpi_id[0x0e] high edge lint[0x1])
Feb 21 10:22:45 Lenovo kernel: [    0.027860] ACPI: LAPIC_NMI (acpi_id[0x0f] high edge lint[0x1])
Feb 21 10:22:45 Lenovo kernel: [    0.027861] ACPI: LAPIC_NMI (acpi_id[0x10] high edge lint[0x1])
Feb 21 10:22:45 Lenovo kernel: [    0.027893] IOAPIC[0]: apic_id 2, version 32, address 0xfec00000, GSI 0-119
Feb 21 10:22:45 Lenovo kernel: [    0.027896] ACPI: INT_SRC_OVR (bus 0 bus_irq 0 global_irq 2 dfl dfl)
Feb 21 10:22:45 Lenovo kernel: [    0.027899] ACPI: INT_SRC_OVR (bus 0 bus_irq 9 global_irq 9 high level)
Feb 21 10:22:45 Lenovo kernel: [    0.027905] Using ACPI (MADT) for SMP configuration information
Feb 21 10:22:45 Lenovo kernel: [    0.027907] ACPI: HPET id: 0x8086a201 base: 0xfed00000
Feb 21 10:22:45 Lenovo kernel: [    0.027930] TSC deadline timer available
Feb 21 10:22:45 Lenovo kernel: [    0.027931] smpboot: Allowing 8 CPUs, 0 hotplug CPUs
Feb 21 10:22:45 Lenovo kernel: [    0.027967] PM: hibernation: Registered nosave memory: [mem 0x00058000-0x00058fff]
Feb 21 10:22:45 Lenovo kernel: [    0.027969] PM: hibernation: Registered nosave memory: [mem 0x0009e000-0x000fffff]
Feb 21 10:22:45 Lenovo kernel: [    0.027972] PM: hibernation: Registered nosave memory: [mem 0x40000000-0x403fffff]
Feb 21 10:22:45 Lenovo kernel: [    0.027974] PM: hibernation: Registered nosave memory: [mem 0x73c62000-0x73c62fff]
Feb 21 10:22:45 Lenovo kernel: [    0.027975] PM: hibernation: Registered nosave memory: [mem 0x73c63000-0x73c63fff]
Feb 21 10:22:45 Lenovo kernel: [    0.027978] PM: hibernation: Registered nosave memory: [mem 0x75388000-0x75c87fff]
Feb 21 10:22:45 Lenovo kernel: [    0.027980] PM: hibernation: Registered nosave memory: [mem 0x7c800000-0x7c87bfff]
Feb 21 10:22:45 Lenovo kernel: [    0.027983] PM: hibernation: Registered nosave memory: [mem 0x7cedc000-0x7cedcfff]
Feb 21 10:22:45 Lenovo kernel: [    0.027985] PM: hibernation: Registered nosave memory: [mem 0x8be9e000-0x8c09dfff]
Feb 21 10:22:45 Lenovo kernel: [    0.027986] PM: hibernation: Registered nosave memory: [mem 0x8c09e000-0x8c88dfff]
Feb 21 10:22:45 Lenovo kernel: [    0.027988] PM: hibernation: Registered nosave memory: [mem 0x8c88e000-0x8cf7dfff]
Feb 21 10:22:45 Lenovo kernel: [    0.027989] PM: hibernation: Registered nosave memory: [mem 0x8cf7e000-0x8cffdfff]
Feb 21 10:22:45 Lenovo kernel: [    0.027991] PM: hibernation: Registered nosave memory: [mem 0x8cfff000-0x8fffffff]
Feb 21 10:22:45 Lenovo kernel: [    0.027992] PM: hibernation: Registered nosave memory: [mem 0x90000000-0xdfffffff]
Feb 21 10:22:45 Lenovo kernel: [    0.027993] PM: hibernation: Registered nosave memory: [mem 0xe0000000-0xefffffff]
Feb 21 10:22:45 Lenovo kernel: [    0.027994] PM: hibernation: Registered nosave memory: [mem 0xf0000000-0xfcffffff]
Feb 21 10:22:45 Lenovo kernel: [    0.027995] PM: hibernation: Registered nosave memory: [mem 0xfd000000-0xfe7fffff]
Feb 21 10:22:45 Lenovo kernel: [    0.027996] PM: hibernation: Registered nosave memory: [mem 0xfe800000-0xfebfffff]
Feb 21 10:22:45 Lenovo kernel: [    0.027997] PM: hibernation: Registered nosave memory: [mem 0xfec00000-0xfec00fff]
Feb 21 10:22:45 Lenovo kernel: [    0.027998] PM: hibernation: Registered nosave memory: [mem 0xfec01000-0xfecfffff]
Feb 21 10:22:45 Lenovo kernel: [    0.027999] PM: hibernation: Registered nosave memory: [mem 0xfed00000-0xfed00fff]
Feb 21 10:22:45 Lenovo kernel: [    0.028000] PM: hibernation: Registered nosave memory: [mem 0xfed01000-0xfed0ffff]
Feb 21 10:22:45 Lenovo kernel: [    0.028001] PM: hibernation: Registered nosave memory: [mem 0xfed10000-0xfed19fff]
Feb 21 10:22:45 Lenovo kernel: [    0.028002] PM: hibernation: Registered nosave memory: [mem 0xfed1a000-0xfed83fff]
Feb 21 10:22:45 Lenovo kernel: [    0.028003] PM: hibernation: Registered nosave memory: [mem 0xfed84000-0xfed84fff]
Feb 21 10:22:45 Lenovo kernel: [    0.028004] PM: hibernation: Registered nosave memory: [mem 0xfed85000-0xfedfffff]
Feb 21 10:22:45 Lenovo kernel: [    0.028005] PM: hibernation: Registered nosave memory: [mem 0xfee00000-0xfee00fff]
Feb 21 10:22:45 Lenovo kernel: [    0.028006] PM: hibernation: Registered nosave memory: [mem 0xfee01000-0xff9fffff]
Feb 21 10:22:45 Lenovo kernel: [    0.028007] PM: hibernation: Registered nosave memory: [mem 0xffa00000-0xffffffff]
Feb 21 10:22:45 Lenovo kernel: [    0.028009] [mem 0x90000000-0xdfffffff] available for PCI devices
Feb 21 10:22:45 Lenovo kernel: [    0.028011] Booting paravirtualized kernel on bare hardware
Feb 21 10:22:45 Lenovo kernel: [    0.028014] clocksource: refined-jiffies: mask: 0xffffffff max_cycles: 0xffffffff, max_idle_ns: 7645519600211568 ns
Feb 21 10:22:45 Lenovo kernel: [    0.034872] setup_percpu: NR_CPUS:8192 nr_cpumask_bits:8 nr_cpu_ids:8 nr_node_ids:1
Feb 21 10:22:45 Lenovo kernel: [    0.035136] percpu: Embedded 54 pages/cpu s183960 r8192 d29032 u262144
Feb 21 10:22:45 Lenovo kernel: [    0.035201] Built 1 zonelists, mobility grouping on.  Total pages: 2040475
Feb 21 10:22:45 Lenovo kernel: [    0.035202] Policy zone: Normal
Feb 21 10:22:45 Lenovo kernel: [    0.035204] Kernel command line: BOOT_IMAGE=/boot/vmlinuz-5.10.0-kali3-amd64 root=UUID=78b86260-afa7-4e42-a3b4-d23f4815f930 ro quiet splash
Feb 21 10:22:45 Lenovo kernel: [    0.035855] Dentry cache hash table entries: 1048576 (order: 11, 8388608 bytes, linear)
Feb 21 10:22:45 Lenovo kernel: [    0.036206] Inode-cache hash table entries: 524288 (order: 10, 4194304 bytes, linear)
Feb 21 10:22:45 Lenovo kernel: [    0.036309] mem auto-init: stack:off, heap alloc:on, heap free:off
Feb 21 10:22:45 Lenovo kernel: [    0.052634] Memory: 2217572K/8291560K available (12295K kernel code, 2543K rwdata, 7516K rodata, 2388K init, 1672K bss, 370408K reserved, 0K cma-reserved)
Feb 21 10:22:45 Lenovo kernel: [    0.052644] random: get_random_u64 called from __kmem_cache_create+0x2e/0x550 with crng_init=0
Feb 21 10:22:45 Lenovo kernel: [    0.052835] SLUB: HWalign=64, Order=0-3, MinObjects=0, CPUs=8, Nodes=1
Feb 21 10:22:45 Lenovo kernel: [    0.052855] Kernel/User page tables isolation: enabled
Feb 21 10:22:45 Lenovo kernel: [    0.052881] ftrace: allocating 36114 entries in 142 pages
Feb 21 10:22:45 Lenovo kernel: [    0.071748] ftrace: allocated 142 pages with 4 groups
Feb 21 10:22:45 Lenovo kernel: [    0.071902] rcu: Hierarchical RCU implementation.
Feb 21 10:22:45 Lenovo kernel: [    0.071904] rcu: 	RCU restricting CPUs from NR_CPUS=8192 to nr_cpu_ids=8.
Feb 21 10:22:45 Lenovo kernel: [    0.071905] 	Rude variant of Tasks RCU enabled.
Feb 21 10:22:45 Lenovo kernel: [    0.071906] 	Tracing variant of Tasks RCU enabled.
Feb 21 10:22:45 Lenovo kernel: [    0.071907] rcu: RCU calculated value of scheduler-enlistment delay is 25 jiffies.
Feb 21 10:22:45 Lenovo kernel: [    0.071909] rcu: Adjusting geometry for rcu_fanout_leaf=16, nr_cpu_ids=8
Feb 21 10:22:45 Lenovo kernel: [    0.077732] NR_IRQS: 524544, nr_irqs: 2048, preallocated irqs: 16
Feb 21 10:22:45 Lenovo kernel: [    0.078381] random: crng done (trusting CPU's manufacturer)
Feb 21 10:22:45 Lenovo kernel: [    0.078413] Console: colour dummy device 80x25
Feb 21 10:22:45 Lenovo kernel: [    0.078435] printk: console [tty0] enabled
Feb 21 10:22:45 Lenovo kernel: [    0.078460] ACPI: Core revision 20200925
Feb 21 10:22:45 Lenovo kernel: [    0.078896] clocksource: hpet: mask: 0xffffffff max_cycles: 0xffffffff, max_idle_ns: 79635855245 ns
Feb 21 10:22:45 Lenovo kernel: [    0.078986] APIC: Switch to symmetric I/O mode setup
Feb 21 10:22:45 Lenovo kernel: [    0.078989] DMAR: Host address width 39
Feb 21 10:22:45 Lenovo kernel: [    0.078991] DMAR: DRHD base: 0x000000fed90000 flags: 0x0
Feb 21 10:22:45 Lenovo kernel: [    0.079001] DMAR: dmar0: reg_base_addr fed90000 ver 1:0 cap 1c0000c40660462 ecap 19e2ff0505e
Feb 21 10:22:45 Lenovo kernel: [    0.079002] DMAR: DRHD base: 0x000000fed91000 flags: 0x1
Feb 21 10:22:45 Lenovo kernel: [    0.079007] DMAR: dmar1: reg_base_addr fed91000 ver 1:0 cap d2008c40660462 ecap f050da
Feb 21 10:22:45 Lenovo kernel: [    0.079009] DMAR: RMRR base: 0x0000008c75d000 end: 0x0000008c77cfff
Feb 21 10:22:45 Lenovo kernel: [    0.079011] DMAR: RMRR base: 0x0000008d800000 end: 0x0000008fffffff
Feb 21 10:22:45 Lenovo kernel: [    0.079013] DMAR-IR: IOAPIC id 2 under DRHD base  0xfed91000 IOMMU 1
Feb 21 10:22:45 Lenovo kernel: [    0.079014] DMAR-IR: HPET id 0 under DRHD base 0xfed91000
Feb 21 10:22:45 Lenovo kernel: [    0.079015] DMAR-IR: Queued invalidation will be enabled to support x2apic and Intr-remapping.
Feb 21 10:22:45 Lenovo kernel: [    0.080648] DMAR-IR: Enabled IRQ remapping in x2apic mode
Feb 21 10:22:45 Lenovo kernel: [    0.080650] x2apic enabled
Feb 21 10:22:45 Lenovo kernel: [    0.080667] Switched APIC routing to cluster x2apic.
Feb 21 10:22:45 Lenovo kernel: [    0.084695] ..TIMER: vector=0x30 apic1=0 pin1=2 apic2=-1 pin2=-1
Feb 21 10:22:45 Lenovo kernel: [    0.102848] clocksource: tsc-early: mask: 0xffffffffffffffff max_cycles: 0x39a8208cdd2, max_idle_ns: 881590748921 ns
Feb 21 10:22:45 Lenovo kernel: [    0.102854] Calibrating delay loop (skipped), value calculated using timer frequency.. 3999.93 BogoMIPS (lpj=7999872)
Feb 21 10:22:45 Lenovo kernel: [    0.102858] pid_max: default: 32768 minimum: 301
Feb 21 10:22:45 Lenovo kernel: [    0.106906] LSM: Security Framework initializing
Feb 21 10:22:45 Lenovo kernel: [    0.106924] Yama: disabled by default; enable with sysctl kernel.yama.*
Feb 21 10:22:45 Lenovo kernel: [    0.106961] AppArmor: AppArmor initialized
Feb 21 10:22:45 Lenovo kernel: [    0.106963] TOMOYO Linux initialized
Feb 21 10:22:45 Lenovo kernel: [    0.107001] Mount-cache hash table entries: 16384 (order: 5, 131072 bytes, linear)
Feb 21 10:22:45 Lenovo kernel: [    0.107017] Mountpoint-cache hash table entries: 16384 (order: 5, 131072 bytes, linear)
Feb 21 10:22:45 Lenovo kernel: [    0.107434] mce: CPU0: Thermal monitoring enabled (TM1)
Feb 21 10:22:45 Lenovo kernel: [    0.107469] process: using mwait in idle threads
Feb 21 10:22:45 Lenovo kernel: [    0.107472] Last level iTLB entries: 4KB 64, 2MB 8, 4MB 8
Feb 21 10:22:45 Lenovo kernel: [    0.107473] Last level dTLB entries: 4KB 64, 2MB 0, 4MB 0, 1GB 4
Feb 21 10:22:45 Lenovo kernel: [    0.107478] Spectre V1 : Mitigation: usercopy/swapgs barriers and __user pointer sanitization
Feb 21 10:22:45 Lenovo kernel: [    0.107480] Spectre V2 : Mitigation: Full generic retpoline
Feb 21 10:22:45 Lenovo kernel: [    0.107481] Spectre V2 : Spectre v2 / SpectreRSB mitigation: Filling RSB on context switch
Feb 21 10:22:45 Lenovo kernel: [    0.107482] Spectre V2 : Enabling Restricted Speculation for firmware calls
Feb 21 10:22:45 Lenovo kernel: [    0.107484] Spectre V2 : mitigation: Enabling conditional Indirect Branch Prediction Barrier
Feb 21 10:22:45 Lenovo kernel: [    0.107485] Spectre V2 : User space: Mitigation: STIBP via seccomp and prctl
Feb 21 10:22:45 Lenovo kernel: [    0.107487] Speculative Store Bypass: Mitigation: Speculative Store Bypass disabled via prctl and seccomp
Feb 21 10:22:45 Lenovo kernel: [    0.107494] SRBDS: Mitigation: Microcode
Feb 21 10:22:45 Lenovo kernel: [    0.107495] MDS: Mitigation: Clear CPU buffers
Feb 21 10:22:45 Lenovo kernel: [    0.107712] Freeing SMP alternatives memory: 32K
Feb 21 10:22:45 Lenovo kernel: [    0.110964] smpboot: CPU0: Intel(R) Core(TM) i7-8550U CPU @ 1.80GHz (family: 0x6, model: 0x8e, stepping: 0xa)
Feb 21 10:22:45 Lenovo kernel: [    0.111223] Performance Events: PEBS fmt3+, Skylake events, 32-deep LBR, full-width counters, Intel PMU driver.
Feb 21 10:22:45 Lenovo kernel: [    0.111238] ... version:                4
Feb 21 10:22:45 Lenovo kernel: [    0.111239] ... bit width:              48
Feb 21 10:22:45 Lenovo kernel: [    0.111240] ... generic registers:      4
Feb 21 10:22:45 Lenovo kernel: [    0.111241] ... value mask:             0000ffffffffffff
Feb 21 10:22:45 Lenovo kernel: [    0.111242] ... max period:             00007fffffffffff
Feb 21 10:22:45 Lenovo kernel: [    0.111242] ... fixed-purpose events:   3
Feb 21 10:22:45 Lenovo kernel: [    0.111243] ... event mask:             000000070000000f
Feb 21 10:22:45 Lenovo kernel: [    0.111391] rcu: Hierarchical SRCU implementation.
Feb 21 10:22:45 Lenovo kernel: [    0.112543] NMI watchdog: Enabled. Permanently consumes one hw-PMU counter.
Feb 21 10:22:45 Lenovo kernel: [    0.112651] smp: Bringing up secondary CPUs ...
Feb 21 10:22:45 Lenovo kernel: [    0.112763] x86: Booting SMP configuration:
Feb 21 10:22:45 Lenovo kernel: [    0.112765] .... node  #0, CPUs:      #1 #2 #3 #4
Feb 21 10:22:45 Lenovo kernel: [    0.124554] MDS CPU bug present and SMT on, data leak possible. See https://www.kernel.org/doc/html/latest/admin-guide/hw-vuln/mds.html for more details.
Feb 21 10:22:45 Lenovo kernel: [    0.124554]  #5 #6 #7
Feb 21 10:22:45 Lenovo kernel: [    0.127710] smp: Brought up 1 node, 8 CPUs
Feb 21 10:22:45 Lenovo kernel: [    0.127710] smpboot: Max logical packages: 1
Feb 21 10:22:45 Lenovo kernel: [    0.127710] smpboot: Total of 8 processors activated (31999.48 BogoMIPS)
Feb 21 10:22:45 Lenovo kernel: [    0.142777] node 0 deferred pages initialised in 8ms
Feb 21 10:22:45 Lenovo kernel: [    0.143057] devtmpfs: initialized
Feb 21 10:22:45 Lenovo kernel: [    0.143057] x86/mm: Memory block size: 128MB
Feb 21 10:22:45 Lenovo kernel: [    0.143741] PM: Registering ACPI NVS region [mem 0x73c62000-0x73c62fff] (4096 bytes)
Feb 21 10:22:45 Lenovo kernel: [    0.143741] PM: Registering ACPI NVS region [mem 0x8c88e000-0x8cf7dfff] (7274496 bytes)
Feb 21 10:22:45 Lenovo kernel: [    0.143741] clocksource: jiffies: mask: 0xffffffff max_cycles: 0xffffffff, max_idle_ns: 7645041785100000 ns
Feb 21 10:22:45 Lenovo kernel: [    0.143741] futex hash table entries: 2048 (order: 5, 131072 bytes, linear)
Feb 21 10:22:45 Lenovo kernel: [    0.143741] pinctrl core: initialized pinctrl subsystem
Feb 21 10:22:45 Lenovo kernel: [    0.143741] NET: Registered protocol family 16
Feb 21 10:22:45 Lenovo kernel: [    0.143741] audit: initializing netlink subsys (disabled)
Feb 21 10:22:45 Lenovo kernel: [    0.143741] audit: type=2000 audit(1613920929.064:1): state=initialized audit_enabled=0 res=1
Feb 21 10:22:45 Lenovo kernel: [    0.143741] thermal_sys: Registered thermal governor 'fair_share'
Feb 21 10:22:45 Lenovo kernel: [    0.143741] thermal_sys: Registered thermal governor 'bang_bang'
Feb 21 10:22:45 Lenovo kernel: [    0.143741] thermal_sys: Registered thermal governor 'step_wise'
Feb 21 10:22:45 Lenovo kernel: [    0.143741] thermal_sys: Registered thermal governor 'user_space'
Feb 21 10:22:45 Lenovo kernel: [    0.143741] thermal_sys: Registered thermal governor 'power_allocator'
Feb 21 10:22:45 Lenovo kernel: [    0.143741] cpuidle: using governor ladder
Feb 21 10:22:45 Lenovo kernel: [    0.143741] cpuidle: using governor menu
Feb 21 10:22:45 Lenovo kernel: [    0.143741] Simple Boot Flag at 0x44 set to 0x80
Feb 21 10:22:45 Lenovo kernel: [    0.143741] ACPI: bus type PCI registered
Feb 21 10:22:45 Lenovo kernel: [    0.143741] acpiphp: ACPI Hot Plug PCI Controller Driver version: 0.5
Feb 21 10:22:45 Lenovo kernel: [    0.143741] PCI: MMCONFIG for domain 0000 [bus 00-ff] at [mem 0xe0000000-0xefffffff] (base 0xe0000000)
Feb 21 10:22:45 Lenovo kernel: [    0.143741] PCI: MMCONFIG at [mem 0xe0000000-0xefffffff] reserved in E820
Feb 21 10:22:45 Lenovo kernel: [    0.143741] PCI: Using configuration type 1 for base access
Feb 21 10:22:45 Lenovo kernel: [    0.143741] ENERGY_PERF_BIAS: Set to 'normal', was 'performance'
Feb 21 10:22:45 Lenovo kernel: [    0.143796] HugeTLB registered 1.00 GiB page size, pre-allocated 0 pages
Feb 21 10:22:45 Lenovo kernel: [    0.143796] HugeTLB registered 2.00 MiB page size, pre-allocated 0 pages
Feb 21 10:22:45 Lenovo kernel: [    0.343393] ACPI: Added _OSI(Module Device)
Feb 21 10:22:45 Lenovo kernel: [    0.343393] ACPI: Added _OSI(Processor Device)
Feb 21 10:22:45 Lenovo kernel: [    0.343393] ACPI: Added _OSI(3.0 _SCP Extensions)
Feb 21 10:22:45 Lenovo kernel: [    0.343393] ACPI: Added _OSI(Processor Aggregator Device)
Feb 21 10:22:45 Lenovo kernel: [    0.343393] ACPI: Added _OSI(Linux-Dell-Video)
Feb 21 10:22:45 Lenovo kernel: [    0.343393] ACPI: Added _OSI(Linux-Lenovo-NV-HDMI-Audio)
Feb 21 10:22:45 Lenovo kernel: [    0.343393] ACPI: Added _OSI(Linux-HPI-Hybrid-Graphics)
Feb 21 10:22:45 Lenovo kernel: [    0.392450] ACPI: 15 ACPI AML tables successfully acquired and loaded
Feb 21 10:22:45 Lenovo kernel: [    0.395666] ACPI: [Firmware Bug]: BIOS _OSI(Linux) query ignored
Feb 21 10:22:45 Lenovo kernel: [    0.407241] ACPI: Dynamic OEM Table Load:
Feb 21 10:22:45 Lenovo kernel: [    0.407258] ACPI: SSDT 0xFFFF910CC0C03800 0005CD (v02 PmRef  Cpu0Ist  00003000 INTL 20160527)
Feb 21 10:22:45 Lenovo kernel: [    0.408957] ACPI: \_PR_.PR00: _OSC native thermal LVT Acked
Feb 21 10:22:45 Lenovo kernel: [    0.410787] ACPI: Dynamic OEM Table Load:
Feb 21 10:22:45 Lenovo kernel: [    0.410800] ACPI: SSDT 0xFFFF910CC0EE3800 0003FF (v02 PmRef  Cpu0Cst  00003001 INTL 20160527)
Feb 21 10:22:45 Lenovo kernel: [    0.412929] ACPI: Dynamic OEM Table Load:
Feb 21 10:22:45 Lenovo kernel: [    0.412943] ACPI: SSDT 0xFFFF910CC0C1E000 000D14 (v02 PmRef  ApIst    00003000 INTL 20160527)
Feb 21 10:22:45 Lenovo kernel: [    0.415477] ACPI: Dynamic OEM Table Load:
Feb 21 10:22:45 Lenovo kernel: [    0.415488] ACPI: SSDT 0xFFFF910CC0EE3000 00030A (v02 PmRef  ApCst    00003000 INTL 20160527)
Feb 21 10:22:45 Lenovo kernel: [    0.421024] ACPI: EC: EC started
Feb 21 10:22:45 Lenovo kernel: [    0.421025] ACPI: EC: interrupt blocked
Feb 21 10:22:45 Lenovo kernel: [    0.421167] ACPI: EC: EC_CMD/EC_SC=0x66, EC_DATA=0x62
Feb 21 10:22:45 Lenovo kernel: [    0.421169] ACPI: \_SB_.PCI0.LPCB.H_EC: Boot DSDT EC used to handle transactions
Feb 21 10:22:45 Lenovo kernel: [    0.421170] ACPI: Interpreter enabled
Feb 21 10:22:45 Lenovo kernel: [    0.421239] ACPI: (supports S0 S3 S4 S5)
Feb 21 10:22:45 Lenovo kernel: [    0.421240] ACPI: Using IOAPIC for interrupt routing
Feb 21 10:22:45 Lenovo kernel: [    0.421294] PCI: Using host bridge windows from ACPI; if necessary, use "pci=nocrs" and report a bug
Feb 21 10:22:45 Lenovo kernel: [    0.422640] ACPI: Enabled 8 GPEs in block 00 to 7F
Feb 21 10:22:45 Lenovo kernel: [    0.634279] acpi ABCD0000:00: ACPI dock station (docks/bays count: 1)
Feb 21 10:22:45 Lenovo kernel: [    0.639700] ACPI: Power Resource [FN00] (off)
Feb 21 10:22:45 Lenovo kernel: [    0.639828] ACPI: Power Resource [FN01] (off)
Feb 21 10:22:45 Lenovo kernel: [    0.639944] ACPI: Power Resource [FN02] (off)
Feb 21 10:22:45 Lenovo kernel: [    0.640064] ACPI: Power Resource [FN03] (off)
Feb 21 10:22:45 Lenovo kernel: [    0.640179] ACPI: Power Resource [FN04] (off)
Feb 21 10:22:45 Lenovo kernel: [    0.641793] ACPI: PCI Root Bridge [PCI0] (domain 0000 [bus 00-fe])
Feb 21 10:22:45 Lenovo kernel: [    0.641800] acpi PNP0A08:00: _OSC: OS supports [ExtendedConfig ASPM ClockPM Segments MSI HPX-Type3]
Feb 21 10:22:45 Lenovo kernel: [    0.643628] acpi PNP0A08:00: _OSC: OS now controls [PCIeHotplug SHPCHotplug PME AER PCIeCapability LTR]
Feb 21 10:22:45 Lenovo kernel: [    0.646585] PCI host bridge to bus 0000:00
Feb 21 10:22:45 Lenovo kernel: [    0.646588] pci_bus 0000:00: root bus resource [io  0x0000-0x0cf7 window]
Feb 21 10:22:45 Lenovo kernel: [    0.646590] pci_bus 0000:00: root bus resource [io  0x0d00-0xffff window]
Feb 21 10:22:45 Lenovo kernel: [    0.646592] pci_bus 0000:00: root bus resource [mem 0x000a0000-0x000bffff window]
Feb 21 10:22:45 Lenovo kernel: [    0.646593] pci_bus 0000:00: root bus resource [mem 0x000c0000-0x000c3fff window]
Feb 21 10:22:45 Lenovo kernel: [    0.646594] pci_bus 0000:00: root bus resource [mem 0x000c4000-0x000c7fff window]
Feb 21 10:22:45 Lenovo kernel: [    0.646596] pci_bus 0000:00: root bus resource [mem 0x000c8000-0x000cbfff window]
Feb 21 10:22:45 Lenovo kernel: [    0.646597] pci_bus 0000:00: root bus resource [mem 0x000cc000-0x000cffff window]
Feb 21 10:22:45 Lenovo kernel: [    0.646599] pci_bus 0000:00: root bus resource [mem 0x000d0000-0x000d3fff window]
Feb 21 10:22:45 Lenovo kernel: [    0.646600] pci_bus 0000:00: root bus resource [mem 0x000d4000-0x000d7fff window]
Feb 21 10:22:45 Lenovo kernel: [    0.646601] pci_bus 0000:00: root bus resource [mem 0x000d8000-0x000dbfff window]
Feb 21 10:22:45 Lenovo kernel: [    0.646603] pci_bus 0000:00: root bus resource [mem 0x000dc000-0x000dffff window]
Feb 21 10:22:45 Lenovo kernel: [    0.646604] pci_bus 0000:00: root bus resource [mem 0x90000000-0xdfffffff window]
Feb 21 10:22:45 Lenovo kernel: [    0.646606] pci_bus 0000:00: root bus resource [mem 0xfd000000-0xfe7fffff window]
Feb 21 10:22:45 Lenovo kernel: [    0.646607] pci_bus 0000:00: root bus resource [bus 00-fe]
Feb 21 10:22:45 Lenovo kernel: [    0.646629] pci 0000:00:00.0: [8086:5914] type 00 class 0x060000
Feb 21 10:22:45 Lenovo kernel: [    0.648078] pci 0000:00:02.0: [8086:5917] type 00 class 0x030000
Feb 21 10:22:45 Lenovo kernel: [    0.648092] pci 0000:00:02.0: reg 0x10: [mem 0xb0000000-0xb0ffffff 64bit]
Feb 21 10:22:45 Lenovo kernel: [    0.648100] pci 0000:00:02.0: reg 0x18: [mem 0xa0000000-0xafffffff 64bit pref]
Feb 21 10:22:45 Lenovo kernel: [    0.648106] pci 0000:00:02.0: reg 0x20: [io  0x3000-0x303f]
Feb 21 10:22:45 Lenovo kernel: [    0.648131] pci 0000:00:02.0: BAR 2: assigned to efifb
Feb 21 10:22:45 Lenovo kernel: [    0.649289] pci 0000:00:04.0: [8086:1903] type 00 class 0x118000
Feb 21 10:22:45 Lenovo kernel: [    0.649303] pci 0000:00:04.0: reg 0x10: [mem 0xb1220000-0xb1227fff 64bit]
Feb 21 10:22:45 Lenovo kernel: [    0.650556] pci 0000:00:14.0: [8086:9d2f] type 00 class 0x0c0330
Feb 21 10:22:45 Lenovo kernel: [    0.650580] pci 0000:00:14.0: reg 0x10: [mem 0xb1210000-0xb121ffff 64bit]
Feb 21 10:22:45 Lenovo kernel: [    0.650664] pci 0000:00:14.0: PME# supported from D3hot D3cold
Feb 21 10:22:45 Lenovo kernel: [    0.651919] pci 0000:00:14.2: [8086:9d31] type 00 class 0x118000
Feb 21 10:22:45 Lenovo kernel: [    0.651942] pci 0000:00:14.2: reg 0x10: [mem 0xb1232000-0xb1232fff 64bit]
Feb 21 10:22:45 Lenovo kernel: [    0.653270] pci 0000:00:15.0: [8086:9d60] type 00 class 0x118000
Feb 21 10:22:45 Lenovo kernel: [    0.653479] pci 0000:00:15.0: reg 0x10: [mem 0xb1233000-0xb1233fff 64bit]
Feb 21 10:22:45 Lenovo kernel: [    0.655496] pci 0000:00:16.0: [8086:9d3a] type 00 class 0x078000
Feb 21 10:22:45 Lenovo kernel: [    0.655522] pci 0000:00:16.0: reg 0x10: [mem 0xb1234000-0xb1234fff 64bit]
Feb 21 10:22:45 Lenovo kernel: [    0.655612] pci 0000:00:16.0: PME# supported from D3hot
Feb 21 10:22:45 Lenovo kernel: [    0.656841] pci 0000:00:17.0: [8086:9d03] type 00 class 0x010601
Feb 21 10:22:45 Lenovo kernel: [    0.656860] pci 0000:00:17.0: reg 0x10: [mem 0xb1230000-0xb1231fff]
Feb 21 10:22:45 Lenovo kernel: [    0.656871] pci 0000:00:17.0: reg 0x14: [mem 0xb1237000-0xb12370ff]
Feb 21 10:22:45 Lenovo kernel: [    0.656880] pci 0000:00:17.0: reg 0x18: [io  0x3080-0x3087]
Feb 21 10:22:45 Lenovo kernel: [    0.656889] pci 0000:00:17.0: reg 0x1c: [io  0x3088-0x308b]
Feb 21 10:22:45 Lenovo kernel: [    0.656898] pci 0000:00:17.0: reg 0x20: [io  0x3060-0x307f]
Feb 21 10:22:45 Lenovo kernel: [    0.656907] pci 0000:00:17.0: reg 0x24: [mem 0xb1235000-0xb12357ff]
Feb 21 10:22:45 Lenovo kernel: [    0.656959] pci 0000:00:17.0: PME# supported from D3hot
Feb 21 10:22:45 Lenovo kernel: [    0.658145] pci 0000:00:1c.0: [8086:9d15] type 01 class 0x060400
Feb 21 10:22:45 Lenovo kernel: [    0.658257] pci 0000:00:1c.0: PME# supported from D0 D3hot D3cold
Feb 21 10:22:45 Lenovo kernel: [    0.658283] pci 0000:00:1c.0: Intel SPT PCH root port ACS workaround enabled
Feb 21 10:22:45 Lenovo kernel: [    0.659546] pci 0000:00:1d.0: [8086:9d18] type 01 class 0x060400
Feb 21 10:22:45 Lenovo kernel: [    0.659653] pci 0000:00:1d.0: PME# supported from D0 D3hot D3cold
Feb 21 10:22:45 Lenovo kernel: [    0.659679] pci 0000:00:1d.0: Intel SPT PCH root port ACS workaround enabled
Feb 21 10:22:45 Lenovo kernel: [    0.660912] pci 0000:00:1f.0: [8086:9d4e] type 00 class 0x060100
Feb 21 10:22:45 Lenovo kernel: [    0.662176] pci 0000:00:1f.2: [8086:9d21] type 00 class 0x058000
Feb 21 10:22:45 Lenovo kernel: [    0.662195] pci 0000:00:1f.2: reg 0x10: [mem 0xb122c000-0xb122ffff]
Feb 21 10:22:45 Lenovo kernel: [    0.663415] pci 0000:00:1f.3: [8086:9d71] type 00 class 0x040300
Feb 21 10:22:45 Lenovo kernel: [    0.663444] pci 0000:00:1f.3: reg 0x10: [mem 0xb1228000-0xb122bfff 64bit]
Feb 21 10:22:45 Lenovo kernel: [    0.663483] pci 0000:00:1f.3: reg 0x20: [mem 0xb1200000-0xb120ffff 64bit]
Feb 21 10:22:45 Lenovo kernel: [    0.663546] pci 0000:00:1f.3: PME# supported from D3hot D3cold
Feb 21 10:22:45 Lenovo kernel: [    0.664851] pci 0000:00:1f.4: [8086:9d23] type 00 class 0x0c0500
Feb 21 10:22:45 Lenovo kernel: [    0.664911] pci 0000:00:1f.4: reg 0x10: [mem 0xb1236000-0xb12360ff 64bit]
Feb 21 10:22:45 Lenovo kernel: [    0.664982] pci 0000:00:1f.4: reg 0x20: [io  0x3040-0x305f]
Feb 21 10:22:45 Lenovo kernel: [    0.666530] pci 0000:01:00.0: [8086:3166] type 00 class 0x028000
Feb 21 10:22:45 Lenovo kernel: [    0.666622] pci 0000:01:00.0: reg 0x10: [mem 0xb1100000-0xb1101fff 64bit]
Feb 21 10:22:45 Lenovo kernel: [    0.671001] pci 0000:01:00.0: PME# supported from D0 D3hot D3cold
Feb 21 10:22:45 Lenovo kernel: [    0.671795] pci 0000:00:1c.0: PCI bridge to [bus 01]
Feb 21 10:22:45 Lenovo kernel: [    0.671803] pci 0000:00:1c.0:   bridge window [mem 0xb1100000-0xb11fffff]
Feb 21 10:22:45 Lenovo kernel: [    0.671803] pci 0000:02:00.0: [8086:2522] type 00 class 0x010802
Feb 21 10:22:45 Lenovo kernel: [    0.671803] pci 0000:02:00.0: reg 0x10: [mem 0xb1010000-0xb1013fff 64bit]
Feb 21 10:22:45 Lenovo kernel: [    0.671803] pci 0000:02:00.0: reg 0x20: [mem 0xb1000000-0xb100ffff 64bit]
Feb 21 10:22:45 Lenovo kernel: [    0.671803] pci 0000:02:00.0: enabling Extended Tags
Feb 21 10:22:45 Lenovo kernel: [    0.671803] pci 0000:00:1d.0: PCI bridge to [bus 02]
Feb 21 10:22:45 Lenovo kernel: [    0.671803] pci 0000:00:1d.0:   bridge window [mem 0xb1000000-0xb10fffff]
Feb 21 10:22:45 Lenovo kernel: [    0.705934] ACPI: PCI Interrupt Link [LNKA] (IRQs 3 4 5 6 10 *11 12 14 15)
Feb 21 10:22:45 Lenovo kernel: [    0.706015] ACPI: PCI Interrupt Link [LNKB] (IRQs 3 4 5 6 *10 11 12 14 15)
Feb 21 10:22:45 Lenovo kernel: [    0.706091] ACPI: PCI Interrupt Link [LNKC] (IRQs 3 4 5 6 10 *11 12 14 15)
Feb 21 10:22:45 Lenovo kernel: [    0.706166] ACPI: PCI Interrupt Link [LNKD] (IRQs 3 4 5 6 10 *11 12 14 15)
Feb 21 10:22:45 Lenovo kernel: [    0.706241] ACPI: PCI Interrupt Link [LNKE] (IRQs 3 4 5 6 10 *11 12 14 15)
Feb 21 10:22:45 Lenovo kernel: [    0.706316] ACPI: PCI Interrupt Link [LNKF] (IRQs 3 4 5 6 10 *11 12 14 15)
Feb 21 10:22:45 Lenovo kernel: [    0.706391] ACPI: PCI Interrupt Link [LNKG] (IRQs 3 4 5 6 10 *11 12 14 15)
Feb 21 10:22:45 Lenovo kernel: [    0.706465] ACPI: PCI Interrupt Link [LNKH] (IRQs 3 4 5 6 10 *11 12 14 15)
Feb 21 10:22:45 Lenovo kernel: [    0.707456] ACPI Warning: GPE type mismatch (level/edge) (20200925/evxface-791)
Feb 21 10:22:45 Lenovo kernel: [    0.707480] ACPI: EC: interrupt unblocked
Feb 21 10:22:45 Lenovo kernel: [    0.707481] ACPI: EC: event unblocked
Feb 21 10:22:45 Lenovo kernel: [    0.707495] ACPI: EC: EC_CMD/EC_SC=0x66, EC_DATA=0x62
Feb 21 10:22:45 Lenovo kernel: [    0.707497] ACPI: EC: GPE=0x50
Feb 21 10:22:45 Lenovo kernel: [    0.707502] ACPI: \_SB_.PCI0.LPCB.H_EC: Boot DSDT EC initialization complete
Feb 21 10:22:45 Lenovo kernel: [    0.707503] ACPI: \_SB_.PCI0.LPCB.H_EC: EC: Used to handle transactions and events
Feb 21 10:22:45 Lenovo kernel: [    0.707596] iommu: Default domain type: Translated 
Feb 21 10:22:45 Lenovo kernel: [    0.710872] pci 0000:00:02.0: vgaarb: setting as boot VGA device
Feb 21 10:22:45 Lenovo kernel: [    0.710872] pci 0000:00:02.0: vgaarb: VGA device added: decodes=io+mem,owns=io+mem,locks=none
Feb 21 10:22:45 Lenovo kernel: [    0.710872] pci 0000:00:02.0: vgaarb: bridge control possible
Feb 21 10:22:45 Lenovo kernel: [    0.710872] vgaarb: loaded
Feb 21 10:22:45 Lenovo kernel: [    0.710952] EDAC MC: Ver: 3.0.0
Feb 21 10:22:45 Lenovo kernel: [    0.714892] Registered efivars operations
Feb 21 10:22:45 Lenovo kernel: [    0.715037] NetLabel: Initializing
Feb 21 10:22:45 Lenovo kernel: [    0.715038] NetLabel:  domain hash size = 128
Feb 21 10:22:45 Lenovo kernel: [    0.715039] NetLabel:  protocols = UNLABELED CIPSOv4 CALIPSO
Feb 21 10:22:45 Lenovo kernel: [    0.715058] NetLabel:  unlabeled traffic allowed by default
Feb 21 10:22:45 Lenovo kernel: [    0.715059] PCI: Using ACPI for IRQ routing
Feb 21 10:22:45 Lenovo kernel: [    0.744047] hpet0: at MMIO 0xfed00000, IRQs 2, 8, 0, 0, 0, 0, 0, 0
Feb 21 10:22:45 Lenovo kernel: [    0.744055] hpet0: 8 comparators, 64-bit 24.000000 MHz counter
Feb 21 10:22:45 Lenovo kernel: [    0.746852] clocksource: Switched to clocksource tsc-early
Feb 21 10:22:45 Lenovo kernel: [    0.760166] VFS: Disk quotas dquot_6.6.0
Feb 21 10:22:45 Lenovo kernel: [    0.760185] VFS: Dquot-cache hash table entries: 512 (order 0, 4096 bytes)
Feb 21 10:22:45 Lenovo kernel: [    0.760337] AppArmor: AppArmor Filesystem Enabled
Feb 21 10:22:45 Lenovo kernel: [    0.760355] pnp: PnP ACPI init
Feb 21 10:22:45 Lenovo kernel: [    0.760469] system 00:00: [mem 0x40000000-0x403fffff] has been reserved
Feb 21 10:22:45 Lenovo kernel: [    0.760648] system 00:01: [mem 0xfd000000-0xfdabffff] has been reserved
Feb 21 10:22:45 Lenovo kernel: [    0.760650] system 00:01: [mem 0xfdad0000-0xfdadffff] has been reserved
Feb 21 10:22:45 Lenovo kernel: [    0.760652] system 00:01: [mem 0xfdb00000-0xfdffffff] has been reserved
Feb 21 10:22:45 Lenovo kernel: [    0.760653] system 00:01: [mem 0xfe000000-0xfe01ffff] has been reserved
Feb 21 10:22:45 Lenovo kernel: [    0.760655] system 00:01: [mem 0xfe036000-0xfe03bfff] has been reserved
Feb 21 10:22:45 Lenovo kernel: [    0.760657] system 00:01: [mem 0xfe03d000-0xfe3fffff] has been reserved
Feb 21 10:22:45 Lenovo kernel: [    0.760658] system 00:01: [mem 0xfe410000-0xfe7fffff] has been reserved
Feb 21 10:22:45 Lenovo kernel: [    0.761079] system 00:02: [io  0x2000-0x20fe] has been reserved
Feb 21 10:22:45 Lenovo kernel: [    0.787413] system 00:03: [io  0x0680-0x069f] has been reserved
Feb 21 10:22:45 Lenovo kernel: [    0.787416] system 00:03: [io  0xffff] has been reserved
Feb 21 10:22:45 Lenovo kernel: [    0.787417] system 00:03: [io  0xffff] has been reserved
Feb 21 10:22:45 Lenovo kernel: [    0.787419] system 00:03: [io  0xffff] has been reserved
Feb 21 10:22:45 Lenovo kernel: [    0.787420] system 00:03: [io  0x1800-0x18fe] has been reserved
Feb 21 10:22:45 Lenovo kernel: [    0.787422] system 00:03: [io  0x164e-0x164f] has been reserved
Feb 21 10:22:45 Lenovo kernel: [    0.787613] system 00:05: [io  0x1854-0x1857] has been reserved
Feb 21 10:22:45 Lenovo kernel: [    0.789355] system 00:07: [mem 0xfdaf0000-0xfdafffff] has been reserved
Feb 21 10:22:45 Lenovo kernel: [    0.789357] system 00:07: [mem 0xfdae0000-0xfdaeffff] has been reserved
Feb 21 10:22:45 Lenovo kernel: [    0.789359] system 00:07: [mem 0xfdac0000-0xfdacffff] has been reserved
Feb 21 10:22:45 Lenovo kernel: [    0.790160] system 00:08: [mem 0xfed10000-0xfed17fff] has been reserved
Feb 21 10:22:45 Lenovo kernel: [    0.790162] system 00:08: [mem 0xfed18000-0xfed18fff] has been reserved
Feb 21 10:22:45 Lenovo kernel: [    0.790163] system 00:08: [mem 0xfed19000-0xfed19fff] has been reserved
Feb 21 10:22:45 Lenovo kernel: [    0.790165] system 00:08: [mem 0xe0000000-0xefffffff] has been reserved
Feb 21 10:22:45 Lenovo kernel: [    0.790167] system 00:08: [mem 0xfed20000-0xfed3ffff] has been reserved
Feb 21 10:22:45 Lenovo kernel: [    0.790172] system 00:08: [mem 0xfed90000-0xfed93fff] could not be reserved
Feb 21 10:22:45 Lenovo kernel: [    0.790174] system 00:08: [mem 0xfed45000-0xfed8ffff] could not be reserved
Feb 21 10:22:45 Lenovo kernel: [    0.790176] system 00:08: [mem 0xff000000-0xffffffff] could not be reserved
Feb 21 10:22:45 Lenovo kernel: [    0.790178] system 00:08: [mem 0xfee00000-0xfeefffff] could not be reserved
Feb 21 10:22:45 Lenovo kernel: [    0.790179] system 00:08: [mem 0x90000000-0x9001ffff] has been reserved
Feb 21 10:22:45 Lenovo kernel: [    0.790981] pnp: PnP ACPI: found 9 devices
Feb 21 10:22:45 Lenovo kernel: [    0.797133] clocksource: acpi_pm: mask: 0xffffff max_cycles: 0xffffff, max_idle_ns: 2085701024 ns
Feb 21 10:22:45 Lenovo kernel: [    0.797216] NET: Registered protocol family 2
Feb 21 10:22:45 Lenovo kernel: [    0.797385] tcp_listen_portaddr_hash hash table entries: 4096 (order: 4, 65536 bytes, linear)
Feb 21 10:22:45 Lenovo kernel: [    0.797444] TCP established hash table entries: 65536 (order: 7, 524288 bytes, linear)
Feb 21 10:22:45 Lenovo rsyslogd: imuxsock: Acquired UNIX socket '/run/systemd/journal/syslog' (fd 3) from systemd.  [v8.2012.0]
Feb 21 10:22:45 Lenovo kernel: [    0.797616] TCP bind hash table entries: 65536 (order: 8, 1048576 bytes, linear)
Feb 21 10:22:45 Lenovo kernel: [    0.797719] TCP: Hash tables configured (established 65536 bind 65536)
Feb 21 10:22:45 Lenovo kernel: [    0.797770] UDP hash table entries: 4096 (order: 5, 131072 bytes, linear)
Feb 21 10:22:45 Lenovo kernel: [    0.797802] UDP-Lite hash table entries: 4096 (order: 5, 131072 bytes, linear)
Feb 21 10:22:45 Lenovo kernel: [    0.797921] NET: Registered protocol family 1
Feb 21 10:22:45 Lenovo kernel: [    0.797926] NET: Registered protocol family 44
Feb 21 10:22:45 Lenovo kernel: [    0.797938] pci 0000:00:1c.0: PCI bridge to [bus 01]
Feb 21 10:22:45 Lenovo kernel: [    0.797950] pci 0000:00:1c.0:   bridge window [mem 0xb1100000-0xb11fffff]
Feb 21 10:22:45 Lenovo kernel: [    0.797960] pci 0000:00:1d.0: PCI bridge to [bus 02]
Feb 21 10:22:45 Lenovo kernel: [    0.797975] pci 0000:00:1d.0:   bridge window [mem 0xb1000000-0xb10fffff]
Feb 21 10:22:45 Lenovo kernel: [    0.797984] pci_bus 0000:00: resource 4 [io  0x0000-0x0cf7 window]
Feb 21 10:22:45 Lenovo kernel: [    0.797985] pci_bus 0000:00: resource 5 [io  0x0d00-0xffff window]
Feb 21 10:22:45 Lenovo kernel: [    0.797987] pci_bus 0000:00: resource 6 [mem 0x000a0000-0x000bffff window]
Feb 21 10:22:45 Lenovo kernel: [    0.797989] pci_bus 0000:00: resource 7 [mem 0x000c0000-0x000c3fff window]
Feb 21 10:22:45 Lenovo kernel: [    0.797990] pci_bus 0000:00: resource 8 [mem 0x000c4000-0x000c7fff window]
Feb 21 10:22:45 Lenovo kernel: [    0.797991] pci_bus 0000:00: resource 9 [mem 0x000c8000-0x000cbfff window]
Feb 21 10:22:45 Lenovo kernel: [    0.797993] pci_bus 0000:00: resource 10 [mem 0x000cc000-0x000cffff window]
Feb 21 10:22:45 Lenovo kernel: [    0.797994] pci_bus 0000:00: resource 11 [mem 0x000d0000-0x000d3fff window]
Feb 21 10:22:45 Lenovo kernel: [    0.797996] pci_bus 0000:00: resource 12 [mem 0x000d4000-0x000d7fff window]
Feb 21 10:22:45 Lenovo kernel: [    0.797997] pci_bus 0000:00: resource 13 [mem 0x000d8000-0x000dbfff window]
Feb 21 10:22:45 Lenovo kernel: [    0.797999] pci_bus 0000:00: resource 14 [mem 0x000dc000-0x000dffff window]
Feb 21 10:22:45 Lenovo kernel: [    0.798000] pci_bus 0000:00: resource 15 [mem 0x90000000-0xdfffffff window]
Feb 21 10:22:45 Lenovo kernel: [    0.798002] pci_bus 0000:00: resource 16 [mem 0xfd000000-0xfe7fffff window]
Feb 21 10:22:45 Lenovo kernel: [    0.798003] pci_bus 0000:01: resource 1 [mem 0xb1100000-0xb11fffff]
Feb 21 10:22:45 Lenovo kernel: [    0.798005] pci_bus 0000:02: resource 1 [mem 0xb1000000-0xb10fffff]
Feb 21 10:22:45 Lenovo kernel: [    0.798185] pci 0000:00:02.0: Video device with shadowed ROM at [mem 0x000c0000-0x000dffff]
Feb 21 10:22:45 Lenovo kernel: [    0.806962] PCI: CLS 64 bytes, default 64
Feb 21 10:22:45 Lenovo kernel: [    0.807014] Trying to unpack rootfs image as initramfs...
Feb 21 10:22:45 Lenovo kernel: [    2.421431] Freeing initrd memory: 69744K
Feb 21 10:22:45 Lenovo kernel: [    2.421520] DMAR: No ATSR found
Feb 21 10:22:45 Lenovo kernel: [    2.421580] DMAR: dmar0: Using Queued invalidation
Feb 21 10:22:45 Lenovo kernel: [    2.421586] DMAR: dmar1: Using Queued invalidation
Feb 21 10:22:45 Lenovo kernel: [    2.421898] pci 0000:00:00.0: Adding to iommu group 0
Feb 21 10:22:45 Lenovo kernel: [    2.421910] pci 0000:00:02.0: Adding to iommu group 1
Feb 21 10:22:45 Lenovo kernel: [    2.421920] pci 0000:00:04.0: Adding to iommu group 2
Feb 21 10:22:45 Lenovo kernel: [    2.421940] pci 0000:00:14.0: Adding to iommu group 3
Feb 21 10:22:45 Lenovo kernel: [    2.421950] pci 0000:00:14.2: Adding to iommu group 3
Feb 21 10:22:45 Lenovo kernel: [    2.421964] pci 0000:00:15.0: Adding to iommu group 4
Feb 21 10:22:45 Lenovo kernel: [    2.421978] pci 0000:00:16.0: Adding to iommu group 5
Feb 21 10:22:45 Lenovo kernel: [    2.421988] pci 0000:00:17.0: Adding to iommu group 6
Feb 21 10:22:45 Lenovo kernel: [    2.422008] pci 0000:00:1c.0: Adding to iommu group 7
Feb 21 10:22:45 Lenovo kernel: [    2.422033] pci 0000:00:1d.0: Adding to iommu group 8
Feb 21 10:22:45 Lenovo kernel: [    2.422058] pci 0000:00:1f.0: Adding to iommu group 9
Feb 21 10:22:45 Lenovo kernel: [    2.422069] pci 0000:00:1f.2: Adding to iommu group 9
Feb 21 10:22:45 Lenovo kernel: [    2.422080] pci 0000:00:1f.3: Adding to iommu group 9
Feb 21 10:22:45 Lenovo kernel: [    2.422092] pci 0000:00:1f.4: Adding to iommu group 9
Feb 21 10:22:45 Lenovo kernel: [    2.422110] pci 0000:01:00.0: Adding to iommu group 10
Feb 21 10:22:45 Lenovo kernel: [    2.422135] pci 0000:02:00.0: Adding to iommu group 11
Feb 21 10:22:45 Lenovo kernel: [    2.425616] DMAR: Intel(R) Virtualization Technology for Directed I/O
Feb 21 10:22:45 Lenovo kernel: [    2.425617] PCI-DMA: Using software bounce buffering for IO (SWIOTLB)
Feb 21 10:22:45 Lenovo kernel: [    2.425619] software IO TLB: mapped [mem 0x00000000878d2000-0x000000008b8d2000] (64MB)
Feb 21 10:22:45 Lenovo kernel: [    2.426265] Initialise system trusted keyrings
Feb 21 10:22:45 Lenovo kernel: [    2.426284] Key type blacklist registered
Feb 21 10:22:45 Lenovo kernel: [    2.426350] workingset: timestamp_bits=36 max_order=21 bucket_order=0
Feb 21 10:22:45 Lenovo kernel: [    2.427856] zbud: loaded
Feb 21 10:22:45 Lenovo kernel: [    2.428078] integrity: Platform Keyring initialized
Feb 21 10:22:45 Lenovo kernel: [    2.428081] Key type asymmetric registered
Feb 21 10:22:45 Lenovo kernel: [    2.428082] Asymmetric key parser 'x509' registered
Feb 21 10:22:45 Lenovo kernel: [    2.428090] Block layer SCSI generic (bsg) driver version 0.4 loaded (major 251)
Feb 21 10:22:45 Lenovo kernel: [    2.428136] io scheduler mq-deadline registered
Feb 21 10:22:45 Lenovo kernel: [    2.428618] pcieport 0000:00:1c.0: PME: Signaling with IRQ 122
Feb 21 10:22:45 Lenovo kernel: [    2.428702] pcieport 0000:00:1c.0: AER: enabled with IRQ 122
Feb 21 10:22:45 Lenovo kernel: [    2.429056] pcieport 0000:00:1d.0: PME: Signaling with IRQ 123
Feb 21 10:22:45 Lenovo kernel: [    2.429139] pcieport 0000:00:1d.0: AER: enabled with IRQ 123
Feb 21 10:22:45 Lenovo kernel: [    2.429271] shpchp: Standard Hot Plug PCI Controller Driver version: 0.4
Feb 21 10:22:45 Lenovo kernel: [    2.429291] efifb: probing for efifb
Feb 21 10:22:45 Lenovo kernel: [    2.429308] efifb: framebuffer at 0xa0000000, using 4160k, total 4160k
Feb 21 10:22:45 Lenovo kernel: [    2.429309] efifb: mode is 1366x768x32, linelength=5504, pages=1
Feb 21 10:22:45 Lenovo kernel: [    2.429310] efifb: scrolling: redraw
Feb 21 10:22:45 Lenovo kernel: [    2.429312] efifb: Truecolor: size=8:8:8:8, shift=24:16:8:0
Feb 21 10:22:45 Lenovo kernel: [    2.429419] Console: switching to colour frame buffer device 170x48
Feb 21 10:22:45 Lenovo kernel: [    2.433416] fb0: EFI VGA frame buffer device
Feb 21 10:22:45 Lenovo kernel: [    2.435511] thermal LNXTHERM:00: registered as thermal_zone0
Feb 21 10:22:45 Lenovo kernel: [    2.435513] ACPI: Thermal Zone [TZ00] (0 C)
Feb 21 10:22:45 Lenovo kernel: [    2.435848] thermal LNXTHERM:01: registered as thermal_zone1
Feb 21 10:22:45 Lenovo kernel: [    2.435849] ACPI: Thermal Zone [TZ01] (0 C)
Feb 21 10:22:45 Lenovo kernel: [    2.435927] thermal LNXTHERM:02: registered as thermal_zone2
Feb 21 10:22:45 Lenovo kernel: [    2.435928] ACPI: Thermal Zone [TZ02] (10 C)
Feb 21 10:22:45 Lenovo kernel: [    2.436161] Serial: 8250/16550 driver, 4 ports, IRQ sharing enabled
Feb 21 10:22:45 Lenovo kernel: [    2.437020] Linux agpgart interface v0.103
Feb 21 10:22:45 Lenovo kernel: [    2.437060] AMD-Vi: AMD IOMMUv2 driver by Joerg Roedel <jroedel@suse.de>
Feb 21 10:22:45 Lenovo kernel: [    2.437061] AMD-Vi: AMD IOMMUv2 functionality not available on this system
Feb 21 10:22:45 Lenovo kernel: [    2.437842] i8042: PNP: PS/2 Controller [PNP0303:PS2K] at 0x60,0x64 irq 1
Feb 21 10:22:45 Lenovo kernel: [    2.437843] i8042: PNP: PS/2 appears to have AUX port disabled, if this is incorrect please boot with i8042.nopnp
Feb 21 10:22:45 Lenovo kernel: [    2.438482] serio: i8042 KBD port at 0x60,0x64 irq 1
Feb 21 10:22:45 Lenovo kernel: [    2.438688] mousedev: PS/2 mouse device common for all mice
Feb 21 10:22:45 Lenovo kernel: [    2.438742] rtc_cmos 00:04: RTC can wake from S4
Feb 21 10:22:45 Lenovo kernel: [    2.439312] rtc_cmos 00:04: registered as rtc0
Feb 21 10:22:45 Lenovo kernel: [    2.439469] rtc_cmos 00:04: setting system clock to 2021-02-21T15:22:12 UTC (1613920932)
Feb 21 10:22:45 Lenovo kernel: [    2.439487] rtc_cmos 00:04: alarms up to one month, y3k, 242 bytes nvram, hpet irqs
Feb 21 10:22:45 Lenovo kernel: [    2.439495] intel_pstate: Intel P-state driver initializing
Feb 21 10:22:45 Lenovo kernel: [    2.440384] intel_pstate: HWP enabled
Feb 21 10:22:45 Lenovo kernel: [    2.440474] ledtrig-cpu: registered to indicate activity on CPUs
Feb 21 10:22:45 Lenovo kernel: [    2.440724] NET: Registered protocol family 10
Feb 21 10:22:45 Lenovo kernel: [    2.445713] Segment Routing with IPv6
Feb 21 10:22:45 Lenovo kernel: [    2.445726] mip6: Mobile IPv6
Feb 21 10:22:45 Lenovo kernel: [    2.445727] NET: Registered protocol family 17
Feb 21 10:22:45 Lenovo kernel: [    2.445749] mpls_gso: MPLS GSO support
Feb 21 10:22:45 Lenovo kernel: [    2.446263] microcode: sig=0x806ea, pf=0x80, revision=0xe0
Feb 21 10:22:45 Lenovo kernel: [    2.446448] microcode: Microcode Update Driver: v2.2.
Feb 21 10:22:45 Lenovo kernel: [    2.446466] IPI shorthand broadcast: enabled
Feb 21 10:22:45 Lenovo kernel: [    2.446472] sched_clock: Marking stable (2445466064, 761706)->(2461513083, -15285313)
Feb 21 10:22:45 Lenovo kernel: [    2.446748] registered taskstats version 1
Feb 21 10:22:45 Lenovo kernel: [    2.446749] Loading compiled-in X.509 certificates
Feb 21 10:22:45 Lenovo kernel: [    2.449095] input: AT Translated Set 2 keyboard as /devices/platform/i8042/serio0/input/input0
Feb 21 10:22:45 Lenovo kernel: [    2.467925] Loaded X.509 cert 'Debian Secure Boot CA: 6ccece7e4c6c0d1f6149f3dd27dfcc5cbb419ea1'
Feb 21 10:22:45 Lenovo kernel: [    2.467937] Loaded X.509 cert 'Debian Secure Boot Signer 2020: 00b55eb3b9'
Feb 21 10:22:45 Lenovo kernel: [    2.467971] zswap: loaded using pool lzo/zbud
Feb 21 10:22:45 Lenovo kernel: [    2.468513] Key type ._fscrypt registered
Feb 21 10:22:45 Lenovo kernel: [    2.468513] Key type .fscrypt registered
Feb 21 10:22:45 Lenovo kernel: [    2.468514] Key type fscrypt-provisioning registered
Feb 21 10:22:45 Lenovo kernel: [    2.468554] AppArmor: AppArmor sha1 policy hashing enabled
Feb 21 10:22:45 Lenovo kernel: [    2.470570] integrity: Loading X.509 certificate: UEFI:db
Feb 21 10:22:45 Lenovo kernel: [    2.470601] integrity: Loaded X.509 cert 'Microsoft Windows Production PCA 2011: a92902398e16c49778cd90f99e4f9ae17c55af53'
Feb 21 10:22:45 Lenovo kernel: [    2.470601] integrity: Loading X.509 certificate: UEFI:db
Feb 21 10:22:45 Lenovo kernel: [    2.470621] integrity: Loaded X.509 cert 'Microsoft Corporation UEFI CA 2011: 13adbf4309bd82709c8cd54f316ed522988a1bd4'
Feb 21 10:22:45 Lenovo kernel: [    2.470621] integrity: Loading X.509 certificate: UEFI:db
Feb 21 10:22:45 Lenovo kernel: [    2.470630] integrity: Loaded X.509 cert '7S330S-1415IKB: e7feb2aa0d80a5994373049ba12baca4'
Feb 21 10:22:45 Lenovo kernel: [    2.473871] Freeing unused kernel image (initmem) memory: 2388K
Feb 21 10:22:45 Lenovo kernel: [    2.503448] Write protecting the kernel read-only data: 22528k
Feb 21 10:22:45 Lenovo kernel: [    2.504034] Freeing unused kernel image (text/rodata gap) memory: 2040K
Feb 21 10:22:45 Lenovo kernel: [    2.504302] Freeing unused kernel image (rodata/data gap) memory: 676K
Feb 21 10:22:45 Lenovo kernel: [    2.564629] x86/mm: Checked W+X mappings: passed, no W+X pages found.
Feb 21 10:22:45 Lenovo kernel: [    2.564631] x86/mm: Checking user space page tables
Feb 21 10:22:45 Lenovo kernel: [    2.603144] x86/mm: Checked W+X mappings: passed, no W+X pages found.
Feb 21 10:22:45 Lenovo kernel: [    2.603149] Run /init as init process
Feb 21 10:22:45 Lenovo kernel: [    2.686750] button: module verification failed: signature and/or required key missing - tainting kernel
Feb 21 10:22:45 Lenovo kernel: [    2.687111] input: Lid Switch as /devices/LNXSYSTM:00/LNXSYBUS:00/PNP0A08:00/device:19/PNP0C09:00/PNP0C0D:00/input/input1
Feb 21 10:22:45 Lenovo kernel: [    2.689500] hid: raw HID events driver (C) Jiri Kosina
Feb 21 10:22:45 Lenovo kernel: [    2.700592] intel-lpss 0000:00:15.0: enabling device (0000 -> 0002)
Feb 21 10:22:45 Lenovo kernel: [    2.700924] idma64 idma64.0: Found Intel integrated DMA 64-bit
Feb 21 10:22:45 Lenovo kernel: [    2.704192] ACPI: bus type USB registered
Feb 21 10:22:45 Lenovo kernel: [    2.704218] usbcore: registered new interface driver usbfs
Feb 21 10:22:45 Lenovo kernel: [    2.704228] usbcore: registered new interface driver hub
Feb 21 10:22:45 Lenovo kernel: [    2.704244] usbcore: registered new device driver usb
Feb 21 10:22:45 Lenovo kernel: [    2.706887] ACPI: Lid Switch [LID0]
Feb 21 10:22:45 Lenovo kernel: [    2.706980] input: Power Button as /devices/LNXSYSTM:00/LNXPWRBN:00/input/input2
Feb 21 10:22:45 Lenovo kernel: [    2.707013] ACPI: Power Button [PWRF]
Feb 21 10:22:45 Lenovo kernel: [    2.708242] cryptd: max_cpu_qlen set to 1000
Feb 21 10:22:45 Lenovo kernel: [    2.711369] i801_smbus 0000:00:1f.4: SPD Write Disable is set
Feb 21 10:22:45 Lenovo kernel: [    2.711399] i801_smbus 0000:00:1f.4: SMBus using PCI interrupt
Feb 21 10:22:45 Lenovo kernel: [    2.712145] AVX2 version of gcm_enc/dec engaged.
Feb 21 10:22:45 Lenovo kernel: [    2.712147] AES CTR mode by8 optimization enabled
Feb 21 10:22:45 Lenovo kernel: [    2.713307] xhci_hcd 0000:00:14.0: xHCI Host Controller
Feb 21 10:22:45 Lenovo kernel: [    2.713320] xhci_hcd 0000:00:14.0: new USB bus registered, assigned bus number 1
Feb 21 10:22:45 Lenovo kernel: [    2.714038] i2c i2c-0: 2/2 memory slots populated (from DMI)
Feb 21 10:22:45 Lenovo kernel: [    2.714441] xhci_hcd 0000:00:14.0: hcc params 0x200077c1 hci version 0x100 quirks 0x0000000081109810
Feb 21 10:22:45 Lenovo kernel: [    2.714629] xhci_hcd 0000:00:14.0: cache line size of 64 is not supported
Feb 21 10:22:45 Lenovo kernel: [    2.714893] usb usb1: New USB device found, idVendor=1d6b, idProduct=0002, bcdDevice= 5.10
Feb 21 10:22:45 Lenovo kernel: [    2.714897] usb usb1: New USB device strings: Mfr=3, Product=2, SerialNumber=1
Feb 21 10:22:45 Lenovo kernel: [    2.714900] usb usb1: Product: xHCI Host Controller
Feb 21 10:22:45 Lenovo kernel: [    2.714902] usb usb1: Manufacturer: Linux 5.10.0-kali3-amd64 xhci-hcd
Feb 21 10:22:45 Lenovo kernel: [    2.714903] usb usb1: SerialNumber: 0000:00:14.0
Feb 21 10:22:45 Lenovo kernel: [    2.715066] SCSI subsystem initialized
Feb 21 10:22:45 Lenovo kernel: [    2.715073] hub 1-0:1.0: USB hub found
Feb 21 10:22:45 Lenovo kernel: [    2.715097] hub 1-0:1.0: 12 ports detected
Feb 21 10:22:45 Lenovo kernel: [    2.715100] nvme nvme0: pci function 0000:02:00.0
Feb 21 10:22:45 Lenovo kernel: [    2.720196] xhci_hcd 0000:00:14.0: xHCI Host Controller
Feb 21 10:22:45 Lenovo kernel: [    2.720198] xhci_hcd 0000:00:14.0: new USB bus registered, assigned bus number 2
Feb 21 10:22:45 Lenovo kernel: [    2.720201] xhci_hcd 0000:00:14.0: Host supports USB 3.0 SuperSpeed
Feb 21 10:22:45 Lenovo kernel: [    2.720230] usb usb2: New USB device found, idVendor=1d6b, idProduct=0003, bcdDevice= 5.10
Feb 21 10:22:45 Lenovo kernel: [    2.720231] usb usb2: New USB device strings: Mfr=3, Product=2, SerialNumber=1
Feb 21 10:22:45 Lenovo kernel: [    2.720231] usb usb2: Product: xHCI Host Controller
Feb 21 10:22:45 Lenovo kernel: [    2.720232] usb usb2: Manufacturer: Linux 5.10.0-kali3-amd64 xhci-hcd
Feb 21 10:22:45 Lenovo kernel: [    2.720233] usb usb2: SerialNumber: 0000:00:14.0
Feb 21 10:22:45 Lenovo kernel: [    2.720305] hub 2-0:1.0: USB hub found
Feb 21 10:22:45 Lenovo kernel: [    2.720319] hub 2-0:1.0: 6 ports detected
Feb 21 10:22:45 Lenovo kernel: [    2.720710] usb: port power management may be unreliable
Feb 21 10:22:45 Lenovo kernel: [    2.726658] ahci 0000:00:17.0: AHCI 0001.0301 32 slots 1 ports 6 Gbps 0x1 impl SATA mode
Feb 21 10:22:45 Lenovo kernel: [    2.726660] ahci 0000:00:17.0: flags: 64bit ncq pm led clo only pio slum part deso sadm sds apst 
Feb 21 10:22:45 Lenovo kernel: [    2.727018] scsi host0: ahci
Feb 21 10:22:45 Lenovo kernel: [    2.727125] ata1: SATA max UDMA/133 abar m2048@0xb1235000 port 0xb1235100 irq 126
Feb 21 10:22:45 Lenovo kernel: [    2.755255] nvme nvme0: 8/0/0 default/read/poll queues
Feb 21 10:22:45 Lenovo kernel: [    2.758146]  nvme0n1: p1
Feb 21 10:22:45 Lenovo kernel: [    2.764021] i915 0000:00:02.0: [drm] VT-d active for gfx access
Feb 21 10:22:45 Lenovo kernel: [    2.764024] fb0: switching to inteldrmfb from EFI VGA
Feb 21 10:22:45 Lenovo kernel: [    2.764086] Console: switching to colour dummy device 80x25
Feb 21 10:22:45 Lenovo kernel: [    2.764111] i915 0000:00:02.0: vgaarb: deactivate vga console
Feb 21 10:22:45 Lenovo kernel: [    2.764969] i2c_hid i2c-ELAN469D:00: supply vdd not found, using dummy regulator
Feb 21 10:22:45 Lenovo kernel: [    2.764990] i2c_hid i2c-ELAN469D:00: supply vddl not found, using dummy regulator
Feb 21 10:22:45 Lenovo kernel: [    2.765561] i915 0000:00:02.0: vgaarb: changed VGA decodes: olddecodes=io+mem,decodes=io+mem:owns=io+mem
Feb 21 10:22:45 Lenovo kernel: [    2.765593] i915 0000:00:02.0: firmware: direct-loading firmware i915/kbl_dmc_ver1_04.bin
Feb 21 10:22:45 Lenovo kernel: [    2.766186] i915 0000:00:02.0: [drm] Finished loading DMC firmware i915/kbl_dmc_ver1_04.bin (v1.4)
Feb 21 10:22:45 Lenovo kernel: [    2.776338] [drm] Initialized i915 1.6.0 20200917 for 0000:00:02.0 on minor 0
Feb 21 10:22:45 Lenovo kernel: [    2.777647] ACPI: Video Device [GFX0] (multi-head: yes  rom: no  post: no)
Feb 21 10:22:45 Lenovo kernel: [    2.777860] input: Video Bus as /devices/LNXSYSTM:00/LNXSYBUS:00/PNP0A08:00/LNXVIDEO:00/input/input3
Feb 21 10:22:45 Lenovo kernel: [    2.806034] fbcon: i915drmfb (fb0) is primary device
Feb 21 10:22:45 Lenovo kernel: [    2.806072] Console: switching to colour frame buffer device 170x48
Feb 21 10:22:45 Lenovo kernel: [    2.807972] i915 0000:00:02.0: [drm] fb0: i915drmfb frame buffer device
Feb 21 10:22:45 Lenovo kernel: [    2.882338] battery: ACPI: Battery Slot [BAT0] (battery present)
Feb 21 10:22:45 Lenovo kernel: [    3.039158] ata1: SATA link up 6.0 Gbps (SStatus 133 SControl 300)
Feb 21 10:22:45 Lenovo kernel: [    3.042650] ata1.00: ATA-10: TOSHIBA MQ04ABF100, JU000D, max UDMA/100
Feb 21 10:22:45 Lenovo kernel: [    3.042658] ata1.00: 1953525168 sectors, multi 16: LBA48 NCQ (depth 32), AA
Feb 21 10:22:45 Lenovo kernel: [    3.047139] ata1.00: configured for UDMA/100
Feb 21 10:22:45 Lenovo kernel: [    3.048265] scsi 0:0:0:0: Direct-Access     ATA      TOSHIBA MQ04ABF1 0D   PQ: 0 ANSI: 5
Feb 21 10:22:45 Lenovo kernel: [    3.056388] input: ELAN469D:00 04F3:304B Mouse as /devices/pci0000:00/0000:00:15.0/i2c_designware.0/i2c-1/i2c-ELAN469D:00/0018:04F3:304B.0001/input/input4
Feb 21 10:22:45 Lenovo kernel: [    3.056451] usb 1-1: new high-speed USB device number 2 using xhci_hcd
Feb 21 10:22:45 Lenovo kernel: [    3.056595] input: ELAN469D:00 04F3:304B Touchpad as /devices/pci0000:00/0000:00:15.0/i2c_designware.0/i2c-1/i2c-ELAN469D:00/0018:04F3:304B.0001/input/input5
Feb 21 10:22:45 Lenovo kernel: [    3.056861] hid-generic 0018:04F3:304B.0001: input,hidraw0: I2C HID v1.00 Mouse [ELAN469D:00 04F3:304B] on i2c-ELAN469D:00
Feb 21 10:22:45 Lenovo kernel: [    3.058126] sd 0:0:0:0: [sda] Drive-managed SMR disk
Feb 21 10:22:45 Lenovo kernel: [    3.058143] sd 0:0:0:0: [sda] 1953525168 512-byte logical blocks: (1.00 TB/932 GiB)
Feb 21 10:22:45 Lenovo kernel: [    3.058148] sd 0:0:0:0: [sda] 4096-byte physical blocks
Feb 21 10:22:45 Lenovo kernel: [    3.058180] sd 0:0:0:0: [sda] Write Protect is off
Feb 21 10:22:45 Lenovo kernel: [    3.058238] sd 0:0:0:0: [sda] Write cache: enabled, read cache: enabled, doesn't support DPO or FUA
Feb 21 10:22:45 Lenovo kernel: [    3.146031]  sda: sda1 sda2 sda3 sda4
Feb 21 10:22:45 Lenovo kernel: [    3.147449] sd 0:0:0:0: [sda] Attached SCSI disk
Feb 21 10:22:45 Lenovo kernel: [    3.204153] usb 1-1: New USB device found, idVendor=14cd, idProduct=8601, bcdDevice= 0.00
Feb 21 10:22:45 Lenovo kernel: [    3.204158] usb 1-1: New USB device strings: Mfr=1, Product=3, SerialNumber=0
Feb 21 10:22:45 Lenovo kernel: [    3.204162] usb 1-1: Product: USB 2.0 Hub            
Feb 21 10:22:45 Lenovo kernel: [    3.204165] usb 1-1: Manufacturer: USB Device  
Feb 21 10:22:45 Lenovo kernel: [    3.205010] hub 1-1:1.0: USB hub found
Feb 21 10:22:45 Lenovo kernel: [    3.205117] hub 1-1:1.0: 4 ports detected
Feb 21 10:22:45 Lenovo kernel: [    3.334961] usb 1-4: new full-speed USB device number 3 using xhci_hcd
Feb 21 10:22:45 Lenovo kernel: [    3.438911] tsc: Refined TSC clocksource calibration: 1992.003 MHz
Feb 21 10:22:45 Lenovo kernel: [    3.438926] clocksource: tsc: mask: 0xffffffffffffffff max_cycles: 0x396d5809302, max_idle_ns: 881590667022 ns
Feb 21 10:22:45 Lenovo kernel: [    3.438995] clocksource: Switched to clocksource tsc
Feb 21 10:22:45 Lenovo kernel: [    3.484424] usb 1-4: New USB device found, idVendor=8087, idProduct=0a2a, bcdDevice= 0.01
Feb 21 10:22:45 Lenovo kernel: [    3.484429] usb 1-4: New USB device strings: Mfr=0, Product=0, SerialNumber=0
Feb 21 10:22:45 Lenovo kernel: [    3.562906] usb 1-1.1: new low-speed USB device number 4 using xhci_hcd
Feb 21 10:22:45 Lenovo kernel: [    3.676974] usb 1-1.1: New USB device found, idVendor=1a2c, idProduct=4c5e, bcdDevice= 1.10
Feb 21 10:22:45 Lenovo kernel: [    3.676980] usb 1-1.1: New USB device strings: Mfr=1, Product=2, SerialNumber=0
Feb 21 10:22:45 Lenovo kernel: [    3.676983] usb 1-1.1: Product: USB Keyboard
Feb 21 10:22:45 Lenovo kernel: [    3.676986] usb 1-1.1: Manufacturer: SEMICO
Feb 21 10:22:45 Lenovo kernel: [    3.692064] input: SEMICO USB Keyboard as /devices/pci0000:00/0000:00:14.0/usb1/1-1/1-1.1/1-1.1:1.0/0003:1A2C:4C5E.0002/input/input6
Feb 21 10:22:45 Lenovo kernel: [    3.751478] hid-generic 0003:1A2C:4C5E.0002: input,hidraw1: USB HID v1.10 Keyboard [SEMICO USB Keyboard] on usb-0000:00:14.0-1.1/input0
Feb 21 10:22:45 Lenovo kernel: [    3.758013] input: SEMICO USB Keyboard Consumer Control as /devices/pci0000:00/0000:00:14.0/usb1/1-1/1-1.1/1-1.1:1.1/0003:1A2C:4C5E.0003/input/input7
Feb 21 10:22:45 Lenovo kernel: [    3.798899] usb 1-7: new high-speed USB device number 5 using xhci_hcd
Feb 21 10:22:45 Lenovo kernel: [    3.815008] input: SEMICO USB Keyboard System Control as /devices/pci0000:00/0000:00:14.0/usb1/1-1/1-1.1/1-1.1:1.1/0003:1A2C:4C5E.0003/input/input8
Feb 21 10:22:45 Lenovo kernel: [    3.815151] input: SEMICO USB Keyboard as /devices/pci0000:00/0000:00:14.0/usb1/1-1/1-1.1/1-1.1:1.1/0003:1A2C:4C5E.0003/input/input10
Feb 21 10:22:45 Lenovo kernel: [    3.815553] hid-generic 0003:1A2C:4C5E.0003: input,hiddev0,hidraw2: USB HID v1.10 Keyboard [SEMICO USB Keyboard] on usb-0000:00:14.0-1.1/input1
Feb 21 10:22:45 Lenovo kernel: [    3.815691] usbcore: registered new interface driver usbhid
Feb 21 10:22:45 Lenovo kernel: [    3.815694] usbhid: USB HID core driver
Feb 21 10:22:45 Lenovo kernel: [    3.938856] raid6: avx2x4   gen() 34427 MB/s
Feb 21 10:22:45 Lenovo kernel: [    3.970308] usb 1-7: New USB device found, idVendor=13d3, idProduct=56b2, bcdDevice=17.11
Feb 21 10:22:45 Lenovo kernel: [    3.970309] usb 1-7: New USB device strings: Mfr=1, Product=2, SerialNumber=0
Feb 21 10:22:45 Lenovo kernel: [    3.970310] usb 1-7: Product: Integrated Camera
Feb 21 10:22:45 Lenovo kernel: [    3.970310] usb 1-7: Manufacturer: SunplusIT Inc
Feb 21 10:22:45 Lenovo kernel: [    4.006855] raid6: avx2x4   xor() 17439 MB/s
Feb 21 10:22:45 Lenovo kernel: [    4.038903] usb 1-1.2: new low-speed USB device number 6 using xhci_hcd
Feb 21 10:22:45 Lenovo kernel: [    4.074854] raid6: avx2x2   gen() 40746 MB/s
Feb 21 10:22:45 Lenovo kernel: [    4.142869] raid6: avx2x2   xor() 24277 MB/s
Feb 21 10:22:45 Lenovo kernel: [    4.146849] usb 1-1.2: New USB device found, idVendor=18f8, idProduct=0f99, bcdDevice= 1.00
Feb 21 10:22:45 Lenovo kernel: [    4.146851] usb 1-1.2: New USB device strings: Mfr=0, Product=1, SerialNumber=0
Feb 21 10:22:45 Lenovo kernel: [    4.146852] usb 1-1.2: Product: USB OPTICAL MOUSE 
Feb 21 10:22:45 Lenovo kernel: [    4.154230] input: USB OPTICAL MOUSE  as /devices/pci0000:00/0000:00:14.0/usb1/1-1/1-1.2/1-1.2:1.0/0003:18F8:0F99.0004/input/input11
Feb 21 10:22:45 Lenovo kernel: [    4.154430] hid-generic 0003:18F8:0F99.0004: input,hidraw3: USB HID v1.10 Mouse [USB OPTICAL MOUSE ] on usb-0000:00:14.0-1.2/input0
Feb 21 10:22:45 Lenovo kernel: [    4.157270] input: USB OPTICAL MOUSE  Keyboard as /devices/pci0000:00/0000:00:14.0/usb1/1-1/1-1.2/1-1.2:1.1/0003:18F8:0F99.0005/input/input12
Feb 21 10:22:45 Lenovo kernel: [    4.210854] raid6: avx2x1   gen() 34576 MB/s
Feb 21 10:22:45 Lenovo kernel: [    4.218923] input: USB OPTICAL MOUSE  Consumer Control as /devices/pci0000:00/0000:00:14.0/usb1/1-1/1-1.2/1-1.2:1.1/0003:18F8:0F99.0005/input/input13
Feb 21 10:22:45 Lenovo kernel: [    4.219147] hid-generic 0003:18F8:0F99.0005: input,hiddev1,hidraw4: USB HID v1.10 Keyboard [USB OPTICAL MOUSE ] on usb-0000:00:14.0-1.2/input1
Feb 21 10:22:45 Lenovo kernel: [    4.278855] raid6: avx2x1   xor() 18301 MB/s
Feb 21 10:22:45 Lenovo kernel: [    4.346881] raid6: sse2x4   gen() 16805 MB/s
Feb 21 10:22:45 Lenovo kernel: [    4.414856] raid6: sse2x4   xor()  9266 MB/s
Feb 21 10:22:45 Lenovo kernel: [    4.482855] raid6: sse2x2   gen() 16967 MB/s
Feb 21 10:22:45 Lenovo kernel: [    4.550855] raid6: sse2x2   xor() 10571 MB/s
Feb 21 10:22:45 Lenovo kernel: [    4.618856] raid6: sse2x1   gen() 14677 MB/s
Feb 21 10:22:45 Lenovo kernel: [    4.686857] raid6: sse2x1   xor()  7167 MB/s
Feb 21 10:22:45 Lenovo kernel: [    4.686857] raid6: using algorithm avx2x2 gen() 40746 MB/s
Feb 21 10:22:45 Lenovo kernel: [    4.686857] raid6: .... xor() 24277 MB/s, rmw enabled
Feb 21 10:22:45 Lenovo kernel: [    4.686858] raid6: using avx2x2 recovery algorithm
Feb 21 10:22:45 Lenovo kernel: [    4.687283] xor: automatically using best checksumming function   avx       
Feb 21 10:22:45 Lenovo kernel: [    4.687560] async_tx: api initialized (async)
Feb 21 10:22:45 Lenovo kernel: [    4.883820] Btrfs loaded, crc32c=crc32c-intel
Feb 21 10:22:45 Lenovo kernel: [    5.468766] EXT4-fs (sda3): mounted filesystem with ordered data mode. Opts: (null)
Feb 21 10:22:45 Lenovo kernel: [    5.932303] Not activating Mandatory Access Control as /sbin/tomoyo-init does not exist.
Feb 21 10:22:45 Lenovo kernel: [   10.636848] EXT4-fs (sda3): re-mounted. Opts: errors=remount-ro
Feb 21 10:22:45 Lenovo kernel: [   10.672980] fuse: init (API version 7.32)
Feb 21 10:22:45 Lenovo kernel: [   10.706222] RPC: Registered named UNIX socket transport module.
Feb 21 10:22:45 Lenovo kernel: [   10.706224] RPC: Registered udp transport module.
Feb 21 10:22:45 Lenovo kernel: [   10.706225] RPC: Registered tcp transport module.
Feb 21 10:22:45 Lenovo kernel: [   10.706226] RPC: Registered tcp NFSv4.1 backchannel transport module.
Feb 21 10:22:45 Lenovo kernel: [   11.634408] nvidia: loading out-of-tree module taints kernel.
Feb 21 10:22:45 Lenovo kernel: [   11.634437] nvidia: module license 'NVIDIA' taints kernel.
Feb 21 10:22:45 Lenovo kernel: [   11.634439] Disabling lock debugging due to kernel taint
Feb 21 10:22:45 Lenovo kernel: [   11.686121] nvidia-nvlink: Nvlink Core is being initialized, major device number 245
Feb 21 10:22:45 Lenovo kernel: [   11.686639] nvidia-nvlink: Unregistered the Nvlink Core, major device number 245
Feb 21 10:22:45 Lenovo kernel: [   11.797281] nvidia-nvlink: Nvlink Core is being initialized, major device number 245
Feb 21 10:22:45 Lenovo kernel: [   11.797976] nvidia-nvlink: Unregistered the Nvlink Core, major device number 245
Feb 21 10:22:45 Lenovo kernel: [   12.139282] nvidia-nvlink: Nvlink Core is being initialized, major device number 245
Feb 21 10:22:45 Lenovo kernel: [   12.140274] nvidia-nvlink: Unregistered the Nvlink Core, major device number 245
Feb 21 10:22:45 Lenovo kernel: [   14.715415] input: PC Speaker as /devices/platform/pcspkr/input/input15
Feb 21 10:22:45 Lenovo kernel: [   14.759357] pstore: Using crash dump compression: deflate
Feb 21 10:22:45 Lenovo kernel: [   14.759368] pstore: Registered efi as persistent store backend
Feb 21 10:22:45 Lenovo kernel: [   14.907608] intel_rapl_common: Found RAPL domain package
Feb 21 10:22:45 Lenovo kernel: [   14.909503] proc_thermal 0000:00:04.0: Creating sysfs group for PROC_THERMAL_PCI
Feb 21 10:22:45 Lenovo kernel: [   15.032444] mei_me 0000:00:16.0: enabling device (0004 -> 0006)
Feb 21 10:22:45 Lenovo kernel: [   15.153700] input: Ideapad extra buttons as /devices/pci0000:00/0000:00:1f.0/PNP0C09:00/VPC2004:00/input/input16
Feb 21 10:22:45 Lenovo kernel: [   16.005212] cfg80211: Loading compiled-in X.509 certificates for regulatory database
Feb 21 10:22:45 Lenovo kernel: [   16.007104] cfg80211: Loaded X.509 cert 'benh@debian.org: 577e021cb980e0e820821ba7b54b4961b8b4fadf'
Feb 21 10:22:45 Lenovo kernel: [   16.008786] cfg80211: Loaded X.509 cert 'romain.perier@gmail.com: 3abbc6ec146e09d1b6016ab9d6cf71dd233f0328'
Feb 21 10:22:45 Lenovo kernel: [   16.010102] cfg80211: Loaded X.509 cert 'sforshee: 00b28ddf47aef9cea7'
Feb 21 10:22:45 Lenovo kernel: [   16.082149] iTCO_vendor_support: vendor-support=0
Feb 21 10:22:45 Lenovo kernel: [   16.145387] sd 0:0:0:0: Attached scsi generic sg0 type 0
Feb 21 10:22:45 Lenovo kernel: [   16.177960] input: ELAN469D:00 04F3:304B Mouse as /devices/pci0000:00/0000:00:15.0/i2c_designware.0/i2c-1/i2c-ELAN469D:00/0018:04F3:304B.0001/input/input17
Feb 21 10:22:45 Lenovo kernel: [   16.178660] input: ELAN469D:00 04F3:304B Touchpad as /devices/pci0000:00/0000:00:15.0/i2c_designware.0/i2c-1/i2c-ELAN469D:00/0018:04F3:304B.0001/input/input18
Feb 21 10:22:45 Lenovo kernel: [   16.179281] hid-multitouch 0018:04F3:304B.0001: input,hidraw0: I2C HID v1.00 Mouse [ELAN469D:00 04F3:304B] on i2c-ELAN469D:00
Feb 21 10:22:45 Lenovo kernel: [   16.222430] intel_rapl_common: Found RAPL domain package
Feb 21 10:22:45 Lenovo kernel: [   16.222445] intel_rapl_common: Found RAPL domain core
Feb 21 10:22:45 Lenovo kernel: [   16.222453] intel_rapl_common: Found RAPL domain uncore
Feb 21 10:22:45 Lenovo kernel: [   16.222465] intel_rapl_common: Found RAPL domain psys
Feb 21 10:22:45 Lenovo kernel: [   16.482046] iTCO_wdt: Intel TCO WatchDog Timer Driver v1.11
Feb 21 10:22:45 Lenovo kernel: [   16.482358] iTCO_wdt: Found a Intel PCH TCO device (Version=4, TCOBASE=0x0400)
Feb 21 10:22:45 Lenovo kernel: [   16.482816] iTCO_wdt: initialized. heartbeat=30 sec (nowayout=0)
Feb 21 10:22:45 Lenovo kernel: [   16.724992] platform regulatory.0: firmware: direct-loading firmware regulatory.db
Feb 21 10:22:45 Lenovo kernel: [   16.833695] snd_hda_intel 0000:00:1f.3: bound 0000:00:02.0 (ops i915_audio_component_bind_ops [i915])
Feb 21 10:22:45 Lenovo kernel: [   16.947265] platform regulatory.0: firmware: direct-loading firmware regulatory.db.p7s
Feb 21 10:22:45 Lenovo kernel: [   16.985450] RAPL PMU: API unit is 2^-32 Joules, 4 fixed counters, 655360 ms ovfl timer
Feb 21 10:22:45 Lenovo kernel: [   16.985456] RAPL PMU: hw unit of domain pp0-core 2^-14 Joules
Feb 21 10:22:45 Lenovo kernel: [   16.985459] RAPL PMU: hw unit of domain package 2^-14 Joules
Feb 21 10:22:45 Lenovo kernel: [   16.985461] RAPL PMU: hw unit of domain pp1-gpu 2^-14 Joules
Feb 21 10:22:45 Lenovo kernel: [   16.985464] RAPL PMU: hw unit of domain psys 2^-14 Joules
Feb 21 10:22:45 Lenovo kernel: [   17.094017] Intel(R) Wireless WiFi driver for Linux
Feb 21 10:22:45 Lenovo kernel: [   17.736036] iwlwifi 0000:01:00.0: firmware: direct-loading firmware iwlwifi-7265D-29.ucode
Feb 21 10:22:45 Lenovo kernel: [   17.736362] iwlwifi 0000:01:00.0: loaded firmware version 29.198743027.0 7265D-29.ucode op_mode iwlmvm
Feb 21 10:22:45 Lenovo kernel: [   17.809637] snd_hda_codec_realtek hdaudioC0D0: autoconfig for ALC236: line_outs=1 (0x14/0x0/0x0/0x0/0x0) type:speaker
Feb 21 10:22:45 Lenovo kernel: [   17.809643] snd_hda_codec_realtek hdaudioC0D0:    speaker_outs=0 (0x0/0x0/0x0/0x0/0x0)
Feb 21 10:22:45 Lenovo kernel: [   17.809647] snd_hda_codec_realtek hdaudioC0D0:    hp_outs=1 (0x21/0x0/0x0/0x0/0x0)
Feb 21 10:22:45 Lenovo kernel: [   17.809650] snd_hda_codec_realtek hdaudioC0D0:    mono: mono_out=0x0
Feb 21 10:22:45 Lenovo kernel: [   17.809652] snd_hda_codec_realtek hdaudioC0D0:    inputs:
Feb 21 10:22:45 Lenovo kernel: [   17.809655] snd_hda_codec_realtek hdaudioC0D0:      Mic=0x19
Feb 21 10:22:45 Lenovo kernel: [   17.809658] snd_hda_codec_realtek hdaudioC0D0:      Internal Mic=0x12
Feb 21 10:22:45 Lenovo kernel: [   17.873915] alg: No test for fips(ansi_cprng) (fips_ansi_cprng)
Feb 21 10:22:45 Lenovo kernel: [   17.903145] input: HDA Digital PCBeep as /devices/pci0000:00/0000:00:1f.3/sound/card0/input19
Feb 21 10:22:45 Lenovo kernel: [   17.903527] input: HDA Intel PCH Mic as /devices/pci0000:00/0000:00:1f.3/sound/card0/input20
Feb 21 10:22:45 Lenovo kernel: [   17.903925] input: HDA Intel PCH Headphone as /devices/pci0000:00/0000:00:1f.3/sound/card0/input21
Feb 21 10:22:45 Lenovo kernel: [   17.904466] input: HDA Intel PCH HDMI/DP,pcm=3 as /devices/pci0000:00/0000:00:1f.3/sound/card0/input22
Feb 21 10:22:45 Lenovo kernel: [   17.905057] input: HDA Intel PCH HDMI/DP,pcm=7 as /devices/pci0000:00/0000:00:1f.3/sound/card0/input23
Feb 21 10:22:45 Lenovo kernel: [   17.905143] input: HDA Intel PCH HDMI/DP,pcm=8 as /devices/pci0000:00/0000:00:1f.3/sound/card0/input24
Feb 21 10:22:45 Lenovo kernel: [   17.906611] input: HDA Intel PCH HDMI/DP,pcm=9 as /devices/pci0000:00/0000:00:1f.3/sound/card0/input25
Feb 21 10:22:45 Lenovo kernel: [   17.906675] input: HDA Intel PCH HDMI/DP,pcm=10 as /devices/pci0000:00/0000:00:1f.3/sound/card0/input26
Feb 21 10:22:45 Lenovo kernel: [   17.991022] Bluetooth: Core ver 2.22
Feb 21 10:22:45 Lenovo kernel: [   17.991060] NET: Registered protocol family 31
Feb 21 10:22:45 Lenovo kernel: [   17.991061] Bluetooth: HCI device and connection manager initialized
Feb 21 10:22:45 Lenovo kernel: [   17.991066] Bluetooth: HCI socket layer initialized
Feb 21 10:22:45 Lenovo kernel: [   17.991068] Bluetooth: L2CAP socket layer initialized
Feb 21 10:22:45 Lenovo kernel: [   17.991074] Bluetooth: SCO socket layer initialized
Feb 21 10:22:45 Lenovo kernel: [   18.379945] mc: Linux media interface: v0.10
Feb 21 10:22:45 Lenovo kernel: [   18.431185] iwlwifi 0000:01:00.0: Detected Intel(R) Dual Band Wireless AC 3165, REV=0x210
Feb 21 10:22:45 Lenovo kernel: [   18.457426] iwlwifi 0000:01:00.0: base HW address: a0:a4:c5:1f:83:30
Feb 21 10:22:45 Lenovo kernel: [   18.490960] videodev: Linux video capture interface: v2.00
Feb 21 10:22:45 Lenovo kernel: [   18.501195] intel_pmc_core intel_pmc_core.0:  initialized
Feb 21 10:22:45 Lenovo kernel: [   18.519840] thermal thermal_zone7: failed to read out thermal zone (-61)
Feb 21 10:22:45 Lenovo kernel: [   18.547581] usbcore: registered new interface driver btusb
Feb 21 10:22:45 Lenovo kernel: [   18.561730] Bluetooth: hci0: read Intel version: 370810011003110e00
Feb 21 10:22:45 Lenovo kernel: [   18.698346] bluetooth hci0: firmware: direct-loading firmware intel/ibt-hw-37.8.10-fw-1.10.3.11.e.bseq
Feb 21 10:22:45 Lenovo kernel: [   18.698358] Bluetooth: hci0: Intel Bluetooth firmware file: intel/ibt-hw-37.8.10-fw-1.10.3.11.e.bseq
Feb 21 10:22:45 Lenovo kernel: [   18.752735] uvcvideo: Found UVC 1.00 device Integrated Camera (13d3:56b2)
Feb 21 10:22:45 Lenovo kernel: [   18.771468] input: Integrated Camera: Integrated C as /devices/pci0000:00/0000:00:14.0/usb1/1-7/1-7:1.0/input/input27
Feb 21 10:22:45 Lenovo kernel: [   18.771836] usbcore: registered new interface driver uvcvideo
Feb 21 10:22:45 Lenovo kernel: [   18.771839] USB Video Class driver (1.1.1)
Feb 21 10:22:45 Lenovo kernel: [   19.022751] Bluetooth: hci0: Intel BT fw patch 0x32 completed & activated
Feb 21 10:22:45 Lenovo kernel: [   20.175277] Adding 15722492k swap on /dev/sda2.  Priority:-2 extents:1 across:15722492k FS
Feb 21 10:22:45 Lenovo kernel: [   22.229675] EXT4-fs (sda4): mounted filesystem with ordered data mode. Opts: (null)
Feb 21 10:22:45 Lenovo rsyslogd: [origin software="rsyslogd" swVersion="8.2012.0" x-pid="738" x-info="https://www.rsyslog.com"] start
Feb 21 10:22:55 Lenovo kernel: [   45.756151] wlan0: authenticate with 8c:09:f4:82:d5:90
Feb 21 10:22:55 Lenovo kernel: [   45.763381] wlan0: send auth to 8c:09:f4:82:d5:90 (try 1/3)
Feb 21 10:22:55 Lenovo kernel: [   45.766170] wlan0: authenticated
Feb 21 10:22:55 Lenovo kernel: [   45.766874] wlan0: associate with 8c:09:f4:82:d5:90 (try 1/3)
Feb 21 10:22:55 Lenovo kernel: [   45.783461] wlan0: RX AssocResp from 8c:09:f4:82:d5:90 (capab=0xc11 status=0 aid=2)
Feb 21 10:22:55 Lenovo kernel: [   45.785842] wlan0: associated
Feb 21 10:22:56 Lenovo kernel: [   46.718319] IPv6: ADDRCONF(NETDEV_CHANGE): wlan0: link becomes ready
Feb 21 10:22:56 Lenovo /usr/libexec/gdm-x-session[898]: (--) Log file renamed from "/var/lib/gdm3/.local/share/xorg/Xorg.pid-898.log" to "/var/lib/gdm3/.local/share/xorg/Xorg.0.log"
Feb 21 10:22:57 Lenovo /usr/libexec/gdm-x-session[898]: X.Org X Server 1.20.10
Feb 21 10:22:57 Lenovo /usr/libexec/gdm-x-session[898]: X Protocol Version 11, Revision 0
Feb 21 10:22:57 Lenovo /usr/libexec/gdm-x-session[898]: Build Operating System: Linux 4.19.0-13-amd64 x86_64 Debian
Feb 21 10:22:57 Lenovo /usr/libexec/gdm-x-session[898]: Current Operating System: Linux Lenovo 5.10.0-kali3-amd64 #1 SMP Debian 5.10.13-1kali1 (2021-02-08) x86_64
Feb 21 10:22:57 Lenovo /usr/libexec/gdm-x-session[898]: Kernel command line: BOOT_IMAGE=/boot/vmlinuz-5.10.0-kali3-amd64 root=UUID=78b86260-afa7-4e42-a3b4-d23f4815f930 ro quiet splash
Feb 21 10:22:57 Lenovo /usr/libexec/gdm-x-session[898]: Build Date: 06 January 2021  09:33:33AM
Feb 21 10:22:57 Lenovo /usr/libexec/gdm-x-session[898]: xorg-server 2:1.20.10-2 (https://www.debian.org/support)
Feb 21 10:22:57 Lenovo /usr/libexec/gdm-x-session[898]: Current version of pixman: 0.40.0
Feb 21 10:22:57 Lenovo /usr/libexec/gdm-x-session[898]: #011Before reporting problems, check http://wiki.x.org
Feb 21 10:22:57 Lenovo /usr/libexec/gdm-x-session[898]: #011to make sure that you have the latest version.
Feb 21 10:22:57 Lenovo /usr/libexec/gdm-x-session[898]: Markers: (--) probed, (**) from config file, (==) default setting,
Feb 21 10:22:57 Lenovo /usr/libexec/gdm-x-session[898]: #011(++) from command line, (!!) notice, (II) informational,
Feb 21 10:22:57 Lenovo /usr/libexec/gdm-x-session[898]: #011(WW) warning, (EE) error, (NI) not implemented, (??) unknown.
Feb 21 10:22:57 Lenovo /usr/libexec/gdm-x-session[898]: (==) Log file: "/var/lib/gdm3/.local/share/xorg/Xorg.0.log", Time: Sun Feb 21 10:22:57 2021
Feb 21 10:22:58 Lenovo /usr/libexec/gdm-x-session[898]: (==) Using system config directory "/usr/share/X11/xorg.conf.d"
Feb 21 10:22:58 Lenovo /usr/libexec/gdm-x-session[898]: (==) No Layout section.  Using the first Screen section.
Feb 21 10:22:58 Lenovo /usr/libexec/gdm-x-session[898]: (==) No screen section available. Using defaults.
Feb 21 10:22:58 Lenovo /usr/libexec/gdm-x-session[898]: (**) |-->Screen "Default Screen Section" (0)
Feb 21 10:22:58 Lenovo /usr/libexec/gdm-x-session[898]: (**) |   |-->Monitor "<default monitor>"
Feb 21 10:22:58 Lenovo /usr/libexec/gdm-x-session[898]: (==) No monitor specified for screen "Default Screen Section".
Feb 21 10:22:58 Lenovo /usr/libexec/gdm-x-session[898]: #011Using a default monitor configuration.
Feb 21 10:22:58 Lenovo /usr/libexec/gdm-x-session[898]: (==) Automatically adding devices
Feb 21 10:22:58 Lenovo /usr/libexec/gdm-x-session[898]: (==) Automatically enabling devices
Feb 21 10:22:58 Lenovo /usr/libexec/gdm-x-session[898]: (==) Automatically adding GPU devices
Feb 21 10:22:58 Lenovo /usr/libexec/gdm-x-session[898]: (==) Max clients allowed: 256, resource mask: 0x1fffff
Feb 21 10:22:59 Lenovo /usr/libexec/gdm-x-session[898]: (WW) The directory "/usr/share/fonts/X11/cyrillic" does not exist.
Feb 21 10:22:59 Lenovo /usr/libexec/gdm-x-session[898]: #011Entry deleted from font path.
Feb 21 10:22:59 Lenovo /usr/libexec/gdm-x-session[898]: (WW) The directory "/usr/share/fonts/X11/100dpi/" does not exist.
Feb 21 10:22:59 Lenovo /usr/libexec/gdm-x-session[898]: #011Entry deleted from font path.
Feb 21 10:22:59 Lenovo /usr/libexec/gdm-x-session[898]: (WW) The directory "/usr/share/fonts/X11/75dpi/" does not exist.
Feb 21 10:22:59 Lenovo /usr/libexec/gdm-x-session[898]: #011Entry deleted from font path.
Feb 21 10:22:59 Lenovo /usr/libexec/gdm-x-session[898]: (WW) The directory "/usr/share/fonts/X11/Type1" does not exist.
Feb 21 10:22:59 Lenovo /usr/libexec/gdm-x-session[898]: #011Entry deleted from font path.
Feb 21 10:22:59 Lenovo /usr/libexec/gdm-x-session[898]: (WW) The directory "/usr/share/fonts/X11/100dpi" does not exist.
Feb 21 10:22:59 Lenovo /usr/libexec/gdm-x-session[898]: #011Entry deleted from font path.
Feb 21 10:22:59 Lenovo /usr/libexec/gdm-x-session[898]: (WW) The directory "/usr/share/fonts/X11/75dpi" does not exist.
Feb 21 10:22:59 Lenovo /usr/libexec/gdm-x-session[898]: #011Entry deleted from font path.
Feb 21 10:22:59 Lenovo /usr/libexec/gdm-x-session[898]: (==) FontPath set to:
Feb 21 10:22:59 Lenovo /usr/libexec/gdm-x-session[898]: #011/usr/share/fonts/X11/misc,
Feb 21 10:22:59 Lenovo /usr/libexec/gdm-x-session[898]: #011built-ins
Feb 21 10:22:59 Lenovo /usr/libexec/gdm-x-session[898]: (==) ModulePath set to "/usr/lib/xorg/modules"
Feb 21 10:22:59 Lenovo /usr/libexec/gdm-x-session[898]: (II) The server relies on udev to provide the list of input devices.
Feb 21 10:22:59 Lenovo /usr/libexec/gdm-x-session[898]: #011If no devices become available, reconfigure udev or disable AutoAddDevices.
Feb 21 10:22:59 Lenovo /usr/libexec/gdm-x-session[898]: (II) Loader magic: 0x55adaadd7e40
Feb 21 10:22:59 Lenovo /usr/libexec/gdm-x-session[898]: (II) Module ABI versions:
Feb 21 10:22:59 Lenovo /usr/libexec/gdm-x-session[898]: #011X.Org ANSI C Emulation: 0.4
Feb 21 10:22:59 Lenovo /usr/libexec/gdm-x-session[898]: #011X.Org Video Driver: 24.1
Feb 21 10:22:59 Lenovo /usr/libexec/gdm-x-session[898]: #011X.Org XInput driver : 24.1
Feb 21 10:22:59 Lenovo /usr/libexec/gdm-x-session[898]: #011X.Org Server Extension : 10.0
Feb 21 10:22:59 Lenovo /usr/libexec/gdm-x-session[898]: (++) using VT number 1
Feb 21 10:22:59 Lenovo /usr/libexec/gdm-x-session[898]: (II) systemd-logind: took control of session /org/freedesktop/login1/session/c1
Feb 21 10:22:59 Lenovo /usr/libexec/gdm-x-session[898]: (II) xfree86: Adding drm device (/dev/dri/card0)
Feb 21 10:22:59 Lenovo /usr/libexec/gdm-x-session[898]: (II) systemd-logind: got fd for /dev/dri/card0 226:0 fd 14 paused 0
Feb 21 10:22:59 Lenovo /usr/libexec/gdm-x-session[898]: (--) PCI:*(0@0:2:0) 8086:5917:17aa:396b rev 7, Mem @ 0xb0000000/16777216, 0xa0000000/268435456, I/O @ 0x00003000/64, BIOS @ 0x????????/131072
Feb 21 10:22:59 Lenovo /usr/libexec/gdm-x-session[898]: (II) LoadModule: "glx"
Feb 21 10:23:00 Lenovo tracker-extract[894]: Set scheduler policy to SCHED_IDLE
Feb 21 10:23:00 Lenovo tracker-extract[894]: Setting priority nice level to 19
Feb 21 10:23:00 Lenovo tracker-miner-f[895]: Set scheduler policy to SCHED_IDLE
Feb 21 10:23:00 Lenovo tracker-miner-f[895]: Setting priority nice level to 19
Feb 21 10:23:00 Lenovo /usr/libexec/gdm-x-session[898]: (II) Loading /usr/lib/xorg/modules/extensions/libglx.so
Feb 21 10:23:00 Lenovo kernel: [   50.871601] vboxdrv: TSC mode is Invariant, tentative frequency 1992001666 Hz
Feb 21 10:23:01 Lenovo kernel: [   51.048838] VBoxNetFlt: Successfully started.
Feb 21 10:23:01 Lenovo kernel: [   51.122546] VBoxNetAdp: Successfully started.
Feb 21 10:23:01 Lenovo /usr/libexec/gdm-x-session[898]: (II) Module glx: vendor="X.Org Foundation"
Feb 21 10:23:01 Lenovo /usr/libexec/gdm-x-session[898]: #011compiled for 1.20.10, module version = 1.0.0
Feb 21 10:23:01 Lenovo /usr/libexec/gdm-x-session[898]: #011ABI class: X.Org Server Extension, version 10.0
Feb 21 10:23:01 Lenovo /usr/libexec/gdm-x-session[898]: (==) Matched modesetting as autoconfigured driver 0
Feb 21 10:23:01 Lenovo /usr/libexec/gdm-x-session[898]: (==) Matched fbdev as autoconfigured driver 1
Feb 21 10:23:01 Lenovo /usr/libexec/gdm-x-session[898]: (==) Matched vesa as autoconfigured driver 2
Feb 21 10:23:01 Lenovo /usr/libexec/gdm-x-session[898]: (==) Assigned the driver to the xf86ConfigLayout
Feb 21 10:23:01 Lenovo /usr/libexec/gdm-x-session[898]: (II) LoadModule: "modesetting"
Feb 21 10:23:01 Lenovo /usr/libexec/gdm-x-session[898]: (II) Loading /usr/lib/xorg/modules/drivers/modesetting_drv.so
Feb 21 10:23:01 Lenovo /usr/libexec/gdm-x-session[898]: (II) Module modesetting: vendor="X.Org Foundation"
Feb 21 10:23:01 Lenovo /usr/libexec/gdm-x-session[898]: #011compiled for 1.20.10, module version = 1.20.10
Feb 21 10:23:01 Lenovo /usr/libexec/gdm-x-session[898]: #011Module class: X.Org Video Driver
Feb 21 10:23:01 Lenovo /usr/libexec/gdm-x-session[898]: #011ABI class: X.Org Video Driver, version 24.1
Feb 21 10:23:01 Lenovo /usr/libexec/gdm-x-session[898]: (II) LoadModule: "fbdev"
Feb 21 10:23:01 Lenovo /usr/libexec/gdm-x-session[898]: (II) Loading /usr/lib/xorg/modules/drivers/fbdev_drv.so
Feb 21 10:23:01 Lenovo /usr/libexec/gdm-x-session[898]: (II) Module fbdev: vendor="X.Org Foundation"
Feb 21 10:23:01 Lenovo /usr/libexec/gdm-x-session[898]: #011compiled for 1.20.0, module version = 0.5.0
Feb 21 10:23:01 Lenovo /usr/libexec/gdm-x-session[898]: #011Module class: X.Org Video Driver
Feb 21 10:23:01 Lenovo /usr/libexec/gdm-x-session[898]: #011ABI class: X.Org Video Driver, version 24.0
Feb 21 10:23:01 Lenovo /usr/libexec/gdm-x-session[898]: (II) LoadModule: "vesa"
Feb 21 10:23:01 Lenovo /usr/libexec/gdm-x-session[898]: (II) Loading /usr/lib/xorg/modules/drivers/vesa_drv.so
Feb 21 10:23:01 Lenovo /usr/libexec/gdm-x-session[898]: (II) Module vesa: vendor="X.Org Foundation"
Feb 21 10:23:01 Lenovo /usr/libexec/gdm-x-session[898]: #011compiled for 1.20.9, module version = 2.5.0
Feb 21 10:23:01 Lenovo /usr/libexec/gdm-x-session[898]: #011Module class: X.Org Video Driver
Feb 21 10:23:01 Lenovo /usr/libexec/gdm-x-session[898]: #011ABI class: X.Org Video Driver, version 24.1
Feb 21 10:23:01 Lenovo /usr/libexec/gdm-x-session[898]: (II) modesetting: Driver for Modesetting Kernel Drivers: kms
Feb 21 10:23:01 Lenovo /usr/libexec/gdm-x-session[898]: (II) FBDEV: driver for framebuffer: fbdev
Feb 21 10:23:01 Lenovo /usr/libexec/gdm-x-session[898]: (II) VESA: driver for VESA chipsets: vesa
Feb 21 10:23:01 Lenovo /usr/libexec/gdm-x-session[898]: xf86EnableIOPorts: failed to set IOPL for I/O (Operation not permitted)
Feb 21 10:23:01 Lenovo /usr/libexec/gdm-x-session[898]: (II) modeset(0): using drv /dev/dri/card0
Feb 21 10:23:01 Lenovo /usr/libexec/gdm-x-session[898]: (WW) Falling back to old probe method for fbdev
Feb 21 10:23:01 Lenovo /usr/libexec/gdm-x-session[898]: (II) Loading sub module "fbdevhw"
Feb 21 10:23:01 Lenovo /usr/libexec/gdm-x-session[898]: (II) LoadModule: "fbdevhw"
Feb 21 10:23:01 Lenovo /usr/libexec/gdm-x-session[898]: (II) Loading /usr/lib/xorg/modules/libfbdevhw.so
Feb 21 10:23:01 Lenovo /usr/libexec/gdm-x-session[898]: (II) Module fbdevhw: vendor="X.Org Foundation"
Feb 21 10:23:01 Lenovo /usr/libexec/gdm-x-session[898]: #011compiled for 1.20.10, module version = 0.0.2
Feb 21 10:23:01 Lenovo /usr/libexec/gdm-x-session[898]: #011ABI class: X.Org Video Driver, version 24.1
Feb 21 10:23:01 Lenovo /usr/libexec/gdm-x-session[898]: (EE) open /dev/fb0: Permission denied
Feb 21 10:23:01 Lenovo /usr/libexec/gdm-x-session[898]: (WW) VGA arbiter: cannot open kernel arbiter, no multi-card support
Feb 21 10:23:01 Lenovo /usr/libexec/gdm-x-session[898]: (II) modeset(0): Creating default Display subsection in Screen section
Feb 21 10:23:01 Lenovo /usr/libexec/gdm-x-session[898]: #011"Default Screen Section" for depth/fbbpp 24/32
Feb 21 10:23:01 Lenovo /usr/libexec/gdm-x-session[898]: (==) modeset(0): Depth 24, (==) framebuffer bpp 32
